******************************************************************************
                  TI ARM Linker PC v18.1.3                     
******************************************************************************
>> Linked Mon Jun  3 19:35:12 2019

OUTPUT FILE NAME:   <traffic_light_official.out>
ENTRY POINT SYMBOL: "_c_int00_noargs"  address: 00001f05


MEMORY CONFIGURATION

         name            origin    length      used     unused   attr    fill
----------------------  --------  ---------  --------  --------  ----  --------
  FLASH                 00000000   00040000  000023ae  0003dc52  R  X
  SRAM                  20000000   00008000  00000478  00007b88  RW X


SEGMENT ALLOCATION MAP

run origin  load origin   length   init length attrs members
----------  ----------- ---------- ----------- ----- -------
00000000    00000000    000023b0   000023b0    r-x
  00000000    00000000    0000026c   0000026c    r-- .intvecs
  0000026c    0000026c    00001d0a   00001d0a    r-x .text
  00001f78    00001f78    00000400   00000400    r-- .const
  00002378    00002378    00000038   00000038    r-- .cinit
20000000    20000000    0000047c   00000000    rw-
  20000000    20000000    0000026c   00000000    rw- .vtable
  20000270    20000270    00000200   00000000    rw- .stack
  20000470    20000470    0000000c   00000000    rw- .data


SECTION ALLOCATION MAP

 output                                  attributes/
section   page    origin      length       input sections
--------  ----  ----------  ----------   ----------------
.intvecs   0    00000000    0000026c     
                  00000000    0000026c     tm4c123gh6pm_startup_ccs.obj (.intvecs)

.text      0    0000026c    00001d0a     
                  0000026c    00000f80     sysctl.obj (.text)
                  000011ec    00000642     timer.obj (.text)
                  0000182e    00000002     --HOLE-- [fill = 0]
                  00001830    000003c0     interrupt.obj (.text)
                  00001bf0    0000018c     main.obj (.text)
                  00001d7c    0000009c     rtsv7M4_T_le_v4SPD16_eabi.lib : memcpy_t2.asm.obj (.text)
                  00001e18    00000068                                   : copy_decompress_lzss.c.obj (.text:decompress:lzss:__TI_decompress_lzss)
                  00001e80    00000044                                   : autoinit.c.obj (.text:__TI_auto_init_nobinit_nopinit:__TI_auto_init_nobinit_nopinit)
                  00001ec4    0000003e     cpu.obj (.text)
                  00001f02    00000002     --HOLE-- [fill = 0]
                  00001f04    00000038     rtsv7M4_T_le_v4SPD16_eabi.lib : boot_cortex_m.c.obj (.text:_c_int00_noargs:_c_int00_noargs)
                  00001f3c    00000012                                   : copy_zero_init.c.obj (.text:decompress:ZI:__TI_zero_init_nomemset:__TI_zero_init_nomemset)
                  00001f4e    0000000e                                   : copy_decompress_none.c.obj (.text:decompress:none:__TI_decompress_none)
                  00001f5c    0000000c     tm4c123gh6pm_startup_ccs.obj (.text)
                  00001f68    00000006     sysctl.obj (.text:SysCtlDelay)
                  00001f6e    00000004     rtsv7M4_T_le_v4SPD16_eabi.lib : pre_init.c.obj (.text:_system_pre_init)
                  00001f72    00000004                                   : exit.c.obj (.text:abort:abort)

.const     0    00001f78    00000400     
                  00001f78    000001b0     sysctl.obj (.const:g_pppui32XTALtoVCO)
                  00002128    0000009c     interrupt.obj (.const:g_pui32Regs)
                  000021c4    0000006c     sysctl.obj (.const:g_pui32Xtals)
                  00002230    00000060     timer.obj (.const:g_ppui32TimerIntMap)
                  00002290    00000040     timer.obj (.const:g_ppui32TimerIntMapSnowflake)
                  000022d0    00000030     sysctl.obj (.const:g_sXTALtoMEMTIM)
                  00002300    00000020     interrupt.obj (.const:g_pui32Priority)
                  00002320    00000014     interrupt.obj (.const:g_pui32Dii16Regs)
                  00002334    00000014     interrupt.obj (.const:g_pui32EnRegs)
                  00002348    00000014     interrupt.obj (.const:g_pui32PendRegs)
                  0000235c    00000014     interrupt.obj (.const:g_pui32UnpendRegs)
                  00002370    00000008     sysctl.obj (.const:g_pui32VCOFrequencies)

.cinit     0    00002378    00000038     
                  00002378    00000011     (.cinit..data.load) [load image, compression = lzss]
                  00002389    00000003     --HOLE-- [fill = 0]
                  0000238c    0000000c     (__TI_handler_table)
                  00002398    00000008     (.cinit..vtable.load) [load image, compression = zero_init]
                  000023a0    00000010     (__TI_cinit_table)

.init_array 
*          0    00000000    00000000     UNINITIALIZED

.vtable    0    20000000    0000026c     UNINITIALIZED
                  20000000    0000026c     interrupt.obj (.vtable)

.data      0    20000470    0000000c     UNINITIALIZED
                  20000470    0000000a     main.obj (.data:led_array)
                  2000047a    00000002     main.obj (.data)

.stack     0    20000270    00000200     UNINITIALIZED
                  20000270    00000004     rtsv7M4_T_le_v4SPD16_eabi.lib : boot_cortex_m.c.obj (.stack)
                  20000274    000001fc     --HOLE--

MODULE SUMMARY

       Module                         code   ro data   rw data
       ------                         ----   -------   -------
    .\
       sysctl.obj                     3974   596       0      
       interrupt.obj                  960    268       620    
       timer.obj                      1602   160       0      
       tm4c123gh6pm_startup_ccs.obj   12     620       0      
       main.obj                       396    0         12     
       cpu.obj                        62     0         0      
    +--+------------------------------+------+---------+---------+
       Total:                         7006   1644      632    
                                                              
    C:\ti\ccsv8\tools\compiler\ti-cgt-arm_18.1.3.LTS\lib\rtsv7M4_T_le_v4SPD16_eabi.lib
       memcpy_t2.asm.obj              156    0         0      
       copy_decompress_lzss.c.obj     104    0         0      
       autoinit.c.obj                 68     0         0      
       boot_cortex_m.c.obj            56     0         0      
       copy_zero_init.c.obj           18     0         0      
       copy_decompress_none.c.obj     14     0         0      
       exit.c.obj                     4      0         0      
       pre_init.c.obj                 4      0         0      
    +--+------------------------------+------+---------+---------+
       Total:                         424    0         0      
                                                              
       Stack:                         0      0         512    
       Linker Generated:              0      53        0      
    +--+------------------------------+------+---------+---------+
       Grand Total:                   7430   1697      1144   


LINKER GENERATED COPY TABLES

__TI_cinit_table @ 000023a0 records: 2, size/record: 8, table size: 16
	.data: load addr=00002378, load size=00000011 bytes, run addr=20000470, run size=0000000c bytes, compression=lzss
	.vtable: load addr=00002398, load size=00000008 bytes, run addr=20000000, run size=0000026c bytes, compression=zero_init


LINKER GENERATED HANDLER TABLE

__TI_handler_table @ 0000238c records: 3, size/record: 4, table size: 12
	index: 0, handler: __TI_zero_init
	index: 1, handler: __TI_decompress_lzss
	index: 2, handler: __TI_decompress_none


GLOBAL SYMBOLS: SORTED ALPHABETICALLY BY Name 

address   name                            
-------   ----                            
00001f73  C$$EXIT                         
00001ef9  CPUbasepriGet                   
00001eeb  CPUbasepriSet                   
00001ec5  CPUcpsid                        
00001edb  CPUcpsie                        
00001ed1  CPUprimask                      
00001ee7  CPUwfi                          
000019f1  IntDisable                      
0000197f  IntEnable                       
00001a63  IntIsEnabled                    
00001843  IntMasterDisable                
00001833  IntMasterEnable                 
00001b59  IntPendClear                    
00001ae9  IntPendSet                      
0000195b  IntPriorityGet                  
000018d3  IntPriorityGroupingGet          
000018b9  IntPriorityGroupingSet          
00001bb3  IntPriorityMaskGet              
00001ba7  IntPriorityMaskSet              
0000190b  IntPrioritySet                  
00001853  IntRegister                     
00001bbb  IntTrigger                      
000018a5  IntUnregister                   
00001f5d  ResetISR                        
000011a9  SysCtlAltClkConfig              
000008d1  SysCtlClockFreqSet              
00000d99  SysCtlClockGet                  
0000118d  SysCtlClockOutConfig            
00000bc9  SysCtlClockSet                  
000007d5  SysCtlDeepSleep                 
00000f5d  SysCtlDeepSleepClockConfigSet   
00000f3f  SysCtlDeepSleepClockSet         
000007b5  SysCtlDeepSleepPowerSet         
00001f69  SysCtlDelay                     
00000363  SysCtlFlashSectorSizeGet        
00000337  SysCtlFlashSizeGet              
00001033  SysCtlGPIOAHBDisable            
00001017  SysCtlGPIOAHBEnable             
00000749  SysCtlIntClear                  
00000731  SysCtlIntDisable                
0000071d  SysCtlIntEnable                 
000006f5  SysCtlIntRegister               
00000759  SysCtlIntStatus                 
0000070d  SysCtlIntUnregister             
0000079b  SysCtlLDODeepSleepGet           
0000078b  SysCtlLDODeepSleepSet           
00000785  SysCtlLDOSleepGet               
00000775  SysCtlLDOSleepSet               
0000080b  SysCtlMOSCConfigSet             
00001171  SysCtlNMIClear                  
0000115d  SysCtlNMIStatus                 
00000821  SysCtlPIOSCCalibrate            
00001001  SysCtlPWMClockGet               
00000fe7  SysCtlPWMClockSet               
000006a1  SysCtlPeripheralClockGating     
00000659  SysCtlPeripheralDeepSleepDisable
00000609  SysCtlPeripheralDeepSleepEnable 
00000545  SysCtlPeripheralDisable         
00000509  SysCtlPeripheralEnable          
00000445  SysCtlPeripheralPowerOff        
00000409  SysCtlPeripheralPowerOn         
00000389  SysCtlPeripheralPresent         
000003c9  SysCtlPeripheralReady           
00000481  SysCtlPeripheralReset           
000005cd  SysCtlPeripheralSleepDisable    
00000589  SysCtlPeripheralSleepEnable     
000007c5  SysCtlReset                     
00000881  SysCtlResetBehaviorGet          
00000871  SysCtlResetBehaviorSet          
000007f7  SysCtlResetCauseClear           
000007f1  SysCtlResetCauseGet             
0000032d  SysCtlSRAMSizeGet               
000007cd  SysCtlSleep                     
000007a1  SysCtlSleepPowerSet             
0000105b  SysCtlUSBPLLDisable             
0000104f  SysCtlUSBPLLEnable              
000010a1  SysCtlVCOGet                    
00001089  SysCtlVoltageEventClear         
0000106d  SysCtlVoltageEventConfig        
0000107d  SysCtlVoltageEventStatus        
00001c6f  Timer0IntHandler                
000017ad  TimerADCEventGet                
0000179b  TimerADCEventSet                
000014d1  TimerClockSourceGet             
000014a7  TimerClockSourceSet             
0000129b  TimerConfigure                  
000013bb  TimerControlEvent               
00001317  TimerControlLevel               
000013e5  TimerControlStall               
0000134d  TimerControlTrigger             
0000141b  TimerControlWaitOnTrigger       
000017cd  TimerDMAEventGet                
000017bb  TimerDMAEventSet                
0000127d  TimerDisable                    
0000125f  TimerEnable                     
00001777  TimerIntClear                   
00001741  TimerIntDisable                 
00001729  TimerIntEnable                  
000016e3  TimerIntRegister                
00001759  TimerIntStatus                  
0000170b  TimerIntUnregister              
0000159b  TimerLoadGet                    
000015d1  TimerLoadGet64                  
00001571  TimerLoadSet                    
000015b7  TimerLoadSet64                  
0000167b  TimerMatchGet                   
000016b1  TimerMatchGet64                 
00001651  TimerMatchSet                   
00001697  TimerMatchSet64                 
0000150b  TimerPrescaleGet                
00001555  TimerPrescaleMatchGet           
00001527  TimerPrescaleMatchSet           
000014e1  TimerPrescaleSet                
00001491  TimerRTCDisable                 
0000147b  TimerRTCEnable                  
00001789  TimerSynchronize                
000017db  TimerUpdateMode                 
00001603  TimerValueGet                   
0000161f  TimerValueGet64                 
20000470  __STACK_END                     
00000200  __STACK_SIZE                    
20000470  __STACK_TOP                     
000023a0  __TI_CINIT_Base                 
000023b0  __TI_CINIT_Limit                
0000238c  __TI_Handler_Table_Base         
00002398  __TI_Handler_Table_Limit        
00001e81  __TI_auto_init_nobinit_nopinit  
00001e19  __TI_decompress_lzss            
00001f4f  __TI_decompress_none            
ffffffff  __TI_pprof_out_hndl             
ffffffff  __TI_prof_data_size             
ffffffff  __TI_prof_data_start            
00000000  __TI_static_base__              
00001f3d  __TI_zero_init_nomemset         
00001d7d  __aeabi_memcpy                  
00001d7d  __aeabi_memcpy4                 
00001d7d  __aeabi_memcpy8                 
ffffffff  __binit__                       
ffffffff  __c_args__                      
UNDEFED   __mpu_init                      
20000270  __stack                         
00001f05  _c_int00_noargs                 
UNDEFED   _system_post_cinit              
00001f6f  _system_pre_init                
00001f73  abort                           
ffffffff  binit                           
20000000  g_pfnRAMVectors                 
00000000  g_pfnVectors                    
20000470  led_array                       
00001bf1  main                            
00001d7d  memcpy                          
2000047a  state                           
2000047b  time                            


GLOBAL SYMBOLS: SORTED BY Symbol Address 

address   name                            
-------   ----                            
00000000  __TI_static_base__              
00000000  g_pfnVectors                    
00000200  __STACK_SIZE                    
0000032d  SysCtlSRAMSizeGet               
00000337  SysCtlFlashSizeGet              
00000363  SysCtlFlashSectorSizeGet        
00000389  SysCtlPeripheralPresent         
000003c9  SysCtlPeripheralReady           
00000409  SysCtlPeripheralPowerOn         
00000445  SysCtlPeripheralPowerOff        
00000481  SysCtlPeripheralReset           
00000509  SysCtlPeripheralEnable          
00000545  SysCtlPeripheralDisable         
00000589  SysCtlPeripheralSleepEnable     
000005cd  SysCtlPeripheralSleepDisable    
00000609  SysCtlPeripheralDeepSleepEnable 
00000659  SysCtlPeripheralDeepSleepDisable
000006a1  SysCtlPeripheralClockGating     
000006f5  SysCtlIntRegister               
0000070d  SysCtlIntUnregister             
0000071d  SysCtlIntEnable                 
00000731  SysCtlIntDisable                
00000749  SysCtlIntClear                  
00000759  SysCtlIntStatus                 
00000775  SysCtlLDOSleepSet               
00000785  SysCtlLDOSleepGet               
0000078b  SysCtlLDODeepSleepSet           
0000079b  SysCtlLDODeepSleepGet           
000007a1  SysCtlSleepPowerSet             
000007b5  SysCtlDeepSleepPowerSet         
000007c5  SysCtlReset                     
000007cd  SysCtlSleep                     
000007d5  SysCtlDeepSleep                 
000007f1  SysCtlResetCauseGet             
000007f7  SysCtlResetCauseClear           
0000080b  SysCtlMOSCConfigSet             
00000821  SysCtlPIOSCCalibrate            
00000871  SysCtlResetBehaviorSet          
00000881  SysCtlResetBehaviorGet          
000008d1  SysCtlClockFreqSet              
00000bc9  SysCtlClockSet                  
00000d99  SysCtlClockGet                  
00000f3f  SysCtlDeepSleepClockSet         
00000f5d  SysCtlDeepSleepClockConfigSet   
00000fe7  SysCtlPWMClockSet               
00001001  SysCtlPWMClockGet               
00001017  SysCtlGPIOAHBEnable             
00001033  SysCtlGPIOAHBDisable            
0000104f  SysCtlUSBPLLEnable              
0000105b  SysCtlUSBPLLDisable             
0000106d  SysCtlVoltageEventConfig        
0000107d  SysCtlVoltageEventStatus        
00001089  SysCtlVoltageEventClear         
000010a1  SysCtlVCOGet                    
0000115d  SysCtlNMIStatus                 
00001171  SysCtlNMIClear                  
0000118d  SysCtlClockOutConfig            
000011a9  SysCtlAltClkConfig              
0000125f  TimerEnable                     
0000127d  TimerDisable                    
0000129b  TimerConfigure                  
00001317  TimerControlLevel               
0000134d  TimerControlTrigger             
000013bb  TimerControlEvent               
000013e5  TimerControlStall               
0000141b  TimerControlWaitOnTrigger       
0000147b  TimerRTCEnable                  
00001491  TimerRTCDisable                 
000014a7  TimerClockSourceSet             
000014d1  TimerClockSourceGet             
000014e1  TimerPrescaleSet                
0000150b  TimerPrescaleGet                
00001527  TimerPrescaleMatchSet           
00001555  TimerPrescaleMatchGet           
00001571  TimerLoadSet                    
0000159b  TimerLoadGet                    
000015b7  TimerLoadSet64                  
000015d1  TimerLoadGet64                  
00001603  TimerValueGet                   
0000161f  TimerValueGet64                 
00001651  TimerMatchSet                   
0000167b  TimerMatchGet                   
00001697  TimerMatchSet64                 
000016b1  TimerMatchGet64                 
000016e3  TimerIntRegister                
0000170b  TimerIntUnregister              
00001729  TimerIntEnable                  
00001741  TimerIntDisable                 
00001759  TimerIntStatus                  
00001777  TimerIntClear                   
00001789  TimerSynchronize                
0000179b  TimerADCEventSet                
000017ad  TimerADCEventGet                
000017bb  TimerDMAEventSet                
000017cd  TimerDMAEventGet                
000017db  TimerUpdateMode                 
00001833  IntMasterEnable                 
00001843  IntMasterDisable                
00001853  IntRegister                     
000018a5  IntUnregister                   
000018b9  IntPriorityGroupingSet          
000018d3  IntPriorityGroupingGet          
0000190b  IntPrioritySet                  
0000195b  IntPriorityGet                  
0000197f  IntEnable                       
000019f1  IntDisable                      
00001a63  IntIsEnabled                    
00001ae9  IntPendSet                      
00001b59  IntPendClear                    
00001ba7  IntPriorityMaskSet              
00001bb3  IntPriorityMaskGet              
00001bbb  IntTrigger                      
00001bf1  main                            
00001c6f  Timer0IntHandler                
00001d7d  __aeabi_memcpy                  
00001d7d  __aeabi_memcpy4                 
00001d7d  __aeabi_memcpy8                 
00001d7d  memcpy                          
00001e19  __TI_decompress_lzss            
00001e81  __TI_auto_init_nobinit_nopinit  
00001ec5  CPUcpsid                        
00001ed1  CPUprimask                      
00001edb  CPUcpsie                        
00001ee7  CPUwfi                          
00001eeb  CPUbasepriSet                   
00001ef9  CPUbasepriGet                   
00001f05  _c_int00_noargs                 
00001f3d  __TI_zero_init_nomemset         
00001f4f  __TI_decompress_none            
00001f5d  ResetISR                        
00001f69  SysCtlDelay                     
00001f6f  _system_pre_init                
00001f73  C$$EXIT                         
00001f73  abort                           
0000238c  __TI_Handler_Table_Base         
00002398  __TI_Handler_Table_Limit        
000023a0  __TI_CINIT_Base                 
000023b0  __TI_CINIT_Limit                
20000000  g_pfnRAMVectors                 
20000270  __stack                         
20000470  __STACK_END                     
20000470  __STACK_TOP                     
20000470  led_array                       
2000047a  state                           
2000047b  time                            
ffffffff  __TI_pprof_out_hndl             
ffffffff  __TI_prof_data_size             
ffffffff  __TI_prof_data_start            
ffffffff  __binit__                       
ffffffff  __c_args__                      
ffffffff  binit                           
UNDEFED   __mpu_init                      
UNDEFED   _system_post_cinit              

[153 symbols]
