<?xml version="1.0" encoding="ISO-8859-1" ?>
<link_info>
   <banner>TI ARM Linker PC v18.1.3.LTS</banner>
   <copyright>Copyright (c) 1996-2017 Texas Instruments Incorporated</copyright>
   <link_time>0x5cf52cae</link_time>
   <link_errors>0x0</link_errors>
   <output_file>ADC_tempsensor.out</output_file>
   <entry_point>
      <name>_c_int00_noargs</name>
      <address>0x1f35</address>
   </entry_point>
   <input_file_list>
      <input_file id="fl-2">
         <path>.\</path>
         <kind>object</kind>
         <file>adc.obj</file>
         <name>adc.obj</name>
      </input_file>
      <input_file id="fl-3">
         <path>.\</path>
         <kind>object</kind>
         <file>cpu.obj</file>
         <name>cpu.obj</name>
      </input_file>
      <input_file id="fl-4">
         <path>.\</path>
         <kind>object</kind>
         <file>gpio.obj</file>
         <name>gpio.obj</name>
      </input_file>
      <input_file id="fl-5">
         <path>.\</path>
         <kind>object</kind>
         <file>interrupt.obj</file>
         <name>interrupt.obj</name>
      </input_file>
      <input_file id="fl-6">
         <path>.\</path>
         <kind>object</kind>
         <file>main.obj</file>
         <name>main.obj</name>
      </input_file>
      <input_file id="fl-7">
         <path>.\</path>
         <kind>object</kind>
         <file>sysctl.obj</file>
         <name>sysctl.obj</name>
      </input_file>
      <input_file id="fl-8">
         <path>.\</path>
         <kind>object</kind>
         <file>tm4c123gh6pm_startup_ccs.obj</file>
         <name>tm4c123gh6pm_startup_ccs.obj</name>
      </input_file>
      <input_file id="fl-c">
         <kind>object</kind>
         <file>&lt;internal&gt;</file>
         <name>&lt;internal&gt;</name>
      </input_file>
      <input_file id="fl-c2">
         <path>C:\ti\ccsv8\tools\compiler\ti-cgt-arm_18.1.3.LTS\lib\</path>
         <kind>archive</kind>
         <file>rtsv7M4_T_le_v4SPD16_eabi.lib</file>
         <name>copy_zero_init.c.obj</name>
      </input_file>
      <input_file id="fl-c3">
         <path>C:\ti\ccsv8\tools\compiler\ti-cgt-arm_18.1.3.LTS\lib\</path>
         <kind>archive</kind>
         <file>rtsv7M4_T_le_v4SPD16_eabi.lib</file>
         <name>copy_decompress_none.c.obj</name>
      </input_file>
      <input_file id="fl-c4">
         <path>C:\ti\ccsv8\tools\compiler\ti-cgt-arm_18.1.3.LTS\lib\</path>
         <kind>archive</kind>
         <file>rtsv7M4_T_le_v4SPD16_eabi.lib</file>
         <name>copy_decompress_lzss.c.obj</name>
      </input_file>
      <input_file id="fl-c5">
         <path>C:\ti\ccsv8\tools\compiler\ti-cgt-arm_18.1.3.LTS\lib\</path>
         <kind>archive</kind>
         <file>rtsv7M4_T_le_v4SPD16_eabi.lib</file>
         <name>boot_cortex_m.c.obj</name>
      </input_file>
      <input_file id="fl-c6">
         <path>C:\ti\ccsv8\tools\compiler\ti-cgt-arm_18.1.3.LTS\lib\</path>
         <kind>archive</kind>
         <file>rtsv7M4_T_le_v4SPD16_eabi.lib</file>
         <name>memset_t2.asm.obj</name>
      </input_file>
      <input_file id="fl-c7">
         <path>C:\ti\ccsv8\tools\compiler\ti-cgt-arm_18.1.3.LTS\lib\</path>
         <kind>archive</kind>
         <file>rtsv7M4_T_le_v4SPD16_eabi.lib</file>
         <name>memcpy_t2.asm.obj</name>
      </input_file>
      <input_file id="fl-c8">
         <path>C:\ti\ccsv8\tools\compiler\ti-cgt-arm_18.1.3.LTS\lib\</path>
         <kind>archive</kind>
         <file>rtsv7M4_T_le_v4SPD16_eabi.lib</file>
         <name>autoinit.c.obj</name>
      </input_file>
      <input_file id="fl-c9">
         <path>C:\ti\ccsv8\tools\compiler\ti-cgt-arm_18.1.3.LTS\lib\</path>
         <kind>archive</kind>
         <file>rtsv7M4_T_le_v4SPD16_eabi.lib</file>
         <name>pre_init.c.obj</name>
      </input_file>
      <input_file id="fl-ca">
         <path>C:\ti\ccsv8\tools\compiler\ti-cgt-arm_18.1.3.LTS\lib\</path>
         <kind>archive</kind>
         <file>rtsv7M4_T_le_v4SPD16_eabi.lib</file>
         <name>cpy_tbl.c.obj</name>
      </input_file>
      <input_file id="fl-cb">
         <path>C:\ti\ccsv8\tools\compiler\ti-cgt-arm_18.1.3.LTS\lib\</path>
         <kind>archive</kind>
         <file>rtsv7M4_T_le_v4SPD16_eabi.lib</file>
         <name>exit.c.obj</name>
      </input_file>
      <input_file id="fl-cc">
         <path>C:\ti\ccsv8\tools\compiler\ti-cgt-arm_18.1.3.LTS\lib\</path>
         <kind>archive</kind>
         <file>rtsv7M4_T_le_v4SPD16_eabi.lib</file>
         <name>_lock.c.obj</name>
      </input_file>
      <input_file id="fl-cd">
         <path>C:\ti\ccsv8\tools\compiler\ti-cgt-arm_18.1.3.LTS\lib\</path>
         <kind>archive</kind>
         <file>rtsv7M4_T_le_v4SPD16_eabi.lib</file>
         <name>args_main.c.obj</name>
      </input_file>
   </input_file_list>
   <object_component_list>
      <object_component id="oc-f">
         <name>.intvecs</name>
         <load_address>0x0</load_address>
         <run_address>0x0</run_address>
         <size>0x26c</size>
         <input_file_ref idref="fl-8"/>
      </object_component>
      <object_component id="oc-c5">
         <name>.text</name>
         <load_address>0x26c</load_address>
         <run_address>0x26c</run_address>
         <size>0xf80</size>
         <input_file_ref idref="fl-7"/>
      </object_component>
      <object_component id="oc-cb">
         <name>.text</name>
         <load_address>0x11ec</load_address>
         <run_address>0x11ec</run_address>
         <size>0x83a</size>
         <input_file_ref idref="fl-2"/>
      </object_component>
      <object_component id="oc-116">
         <name>.text</name>
         <load_address>0x1a28</load_address>
         <run_address>0x1a28</run_address>
         <size>0x3c0</size>
         <input_file_ref idref="fl-5"/>
      </object_component>
      <object_component id="oc-98">
         <name>.text</name>
         <load_address>0x1de8</load_address>
         <run_address>0x1de8</run_address>
         <size>0xc8</size>
         <input_file_ref idref="fl-6"/>
      </object_component>
      <object_component id="oc-df">
         <name>.text:__TI_auto_init_nobinit_nopinit:__TI_auto_init_nobinit_nopinit</name>
         <load_address>0x1eb0</load_address>
         <run_address>0x1eb0</run_address>
         <size>0x44</size>
         <input_file_ref idref="fl-c8"/>
      </object_component>
      <object_component id="oc-11c">
         <name>.text</name>
         <load_address>0x1ef4</load_address>
         <run_address>0x1ef4</run_address>
         <size>0x3e</size>
         <input_file_ref idref="fl-3"/>
      </object_component>
      <object_component id="oc-56">
         <name>.text:_c_int00_noargs:_c_int00_noargs</name>
         <load_address>0x1f34</load_address>
         <run_address>0x1f34</run_address>
         <size>0x38</size>
         <input_file_ref idref="fl-c5"/>
      </object_component>
      <object_component id="oc-44">
         <name>.text:decompress:ZI:__TI_zero_init_nomemset:__TI_zero_init_nomemset</name>
         <load_address>0x1f6c</load_address>
         <run_address>0x1f6c</run_address>
         <size>0x12</size>
         <input_file_ref idref="fl-c2"/>
      </object_component>
      <object_component id="oc-24">
         <name>.text</name>
         <load_address>0x1f7e</load_address>
         <run_address>0x1f7e</run_address>
         <size>0xc</size>
         <input_file_ref idref="fl-8"/>
      </object_component>
      <object_component id="oc-12b">
         <name>.text:SysCtlDelay</name>
         <load_address>0x1f8a</load_address>
         <run_address>0x1f8a</run_address>
         <size>0x6</size>
         <input_file_ref idref="fl-7"/>
      </object_component>
      <object_component id="oc-92">
         <name>.text:_system_pre_init</name>
         <load_address>0x1f90</load_address>
         <run_address>0x1f90</run_address>
         <size>0x4</size>
         <input_file_ref idref="fl-c9"/>
      </object_component>
      <object_component id="oc-d3">
         <name>.text:abort:abort</name>
         <load_address>0x1f94</load_address>
         <run_address>0x1f94</run_address>
         <size>0x4</size>
         <input_file_ref idref="fl-cb"/>
      </object_component>
      <object_component id="oc-128">
         <name>.const:g_pppui32XTALtoVCO</name>
         <load_address>0x1f98</load_address>
         <run_address>0x1f98</run_address>
         <size>0x1b0</size>
         <input_file_ref idref="fl-7"/>
      </object_component>
      <object_component id="oc-161">
         <name>.const:g_pui32Regs</name>
         <load_address>0x2148</load_address>
         <run_address>0x2148</run_address>
         <size>0x9c</size>
         <input_file_ref idref="fl-5"/>
      </object_component>
      <object_component id="oc-122">
         <name>.const:g_pui32Xtals</name>
         <load_address>0x21e4</load_address>
         <run_address>0x21e4</run_address>
         <size>0x6c</size>
         <input_file_ref idref="fl-7"/>
      </object_component>
      <object_component id="oc-113">
         <name>.const:g_sXTALtoMEMTIM</name>
         <load_address>0x2250</load_address>
         <run_address>0x2250</run_address>
         <size>0x30</size>
         <input_file_ref idref="fl-7"/>
      </object_component>
      <object_component id="oc-15e">
         <name>.const:g_pui32Priority</name>
         <load_address>0x2280</load_address>
         <run_address>0x2280</run_address>
         <size>0x20</size>
         <input_file_ref idref="fl-5"/>
      </object_component>
      <object_component id="oc-167">
         <name>.const:g_pui32Dii16Regs</name>
         <load_address>0x22a0</load_address>
         <run_address>0x22a0</run_address>
         <size>0x14</size>
         <input_file_ref idref="fl-5"/>
      </object_component>
      <object_component id="oc-164">
         <name>.const:g_pui32EnRegs</name>
         <load_address>0x22b4</load_address>
         <run_address>0x22b4</run_address>
         <size>0x14</size>
         <input_file_ref idref="fl-5"/>
      </object_component>
      <object_component id="oc-16a">
         <name>.const:g_pui32PendRegs</name>
         <load_address>0x22c8</load_address>
         <run_address>0x22c8</run_address>
         <size>0x14</size>
         <input_file_ref idref="fl-5"/>
      </object_component>
      <object_component id="oc-16d">
         <name>.const:g_pui32UnpendRegs</name>
         <load_address>0x22dc</load_address>
         <run_address>0x22dc</run_address>
         <size>0x14</size>
         <input_file_ref idref="fl-5"/>
      </object_component>
      <object_component id="oc-125">
         <name>.const:g_pui32VCOFrequencies</name>
         <load_address>0x22f0</load_address>
         <run_address>0x22f0</run_address>
         <size>0x8</size>
         <input_file_ref idref="fl-7"/>
      </object_component>
      <object_component id="oc-1eb">
         <name>.cinit..bss.load</name>
         <load_address>0x22f8</load_address>
         <run_address>0x22f8</run_address>
         <size>0x8</size>
      </object_component>
      <object_component id="oc-1ea">
         <name>.cinit..vtable.load</name>
         <load_address>0x2300</load_address>
         <run_address>0x2300</run_address>
         <size>0x8</size>
      </object_component>
      <object_component id="oc-1e8">
         <name>__TI_handler_table</name>
         <load_address>0x2308</load_address>
         <run_address>0x2308</run_address>
         <size>0x4</size>
      </object_component>
      <object_component id="oc-1e9">
         <name>__TI_cinit_table</name>
         <load_address>0x230c</load_address>
         <run_address>0x230c</run_address>
         <size>0x10</size>
      </object_component>
      <object_component id="oc-15b">
         <name>.vtable</name>
         <uninitialized>true</uninitialized>
         <run_address>0x20000000</run_address>
         <size>0x26c</size>
         <input_file_ref idref="fl-5"/>
      </object_component>
      <object_component id="oc-133">
         <name>.bss:g_pui8OversampleFactor</name>
         <uninitialized>true</uninitialized>
         <run_address>0x20000470</run_address>
         <size>0x8</size>
         <input_file_ref idref="fl-2"/>
      </object_component>
      <object_component id="oc-21">
         <name>.stack</name>
         <uninitialized>true</uninitialized>
         <run_address>0x20000270</run_address>
         <size>0x4</size>
         <input_file_ref idref="fl-c5"/>
      </object_component>
      <object_component id="oc-1ec">
         <name>.stack</name>
         <uninitialized>true</uninitialized>
         <run_address>0x20000270</run_address>
         <size>0x0</size>
      </object_component>
      <object_component id="oc-b4">
         <name>.debug_info</name>
         <load_address>0x0</load_address>
         <run_address>0x0</run_address>
         <size>0x350</size>
         <input_file_ref idref="fl-2"/>
      </object_component>
      <object_component id="oc-134">
         <name>.debug_info</name>
         <load_address>0x350</load_address>
         <run_address>0x350</run_address>
         <size>0x111</size>
         <input_file_ref idref="fl-2"/>
      </object_component>
      <object_component id="oc-cd">
         <name>.debug_info</name>
         <load_address>0x461</load_address>
         <run_address>0x461</run_address>
         <size>0x3553</size>
         <input_file_ref idref="fl-2"/>
      </object_component>
      <object_component id="oc-6d">
         <name>.debug_info</name>
         <load_address>0x39b4</load_address>
         <run_address>0x39b4</run_address>
         <size>0x26b</size>
         <input_file_ref idref="fl-2"/>
      </object_component>
      <object_component id="oc-af">
         <name>.debug_info</name>
         <load_address>0x3c1f</load_address>
         <run_address>0x3c1f</run_address>
         <size>0x8b</size>
         <input_file_ref idref="fl-2"/>
      </object_component>
      <object_component id="oc-aa">
         <name>.debug_info</name>
         <load_address>0x3caa</load_address>
         <run_address>0x3caa</run_address>
         <size>0x297</size>
         <input_file_ref idref="fl-2"/>
      </object_component>
      <object_component id="oc-12d">
         <name>.debug_info</name>
         <load_address>0x3f41</load_address>
         <run_address>0x3f41</run_address>
         <size>0xef</size>
         <input_file_ref idref="fl-2"/>
      </object_component>
      <object_component id="oc-72">
         <name>.debug_info</name>
         <load_address>0x4030</load_address>
         <run_address>0x4030</run_address>
         <size>0xbb</size>
         <input_file_ref idref="fl-2"/>
      </object_component>
      <object_component id="oc-11e">
         <name>.debug_info</name>
         <load_address>0x40eb</load_address>
         <run_address>0x40eb</run_address>
         <size>0x4ca</size>
         <input_file_ref idref="fl-3"/>
      </object_component>
      <object_component id="oc-33">
         <name>.debug_info</name>
         <load_address>0x45b5</load_address>
         <run_address>0x45b5</run_address>
         <size>0x84</size>
         <input_file_ref idref="fl-3"/>
      </object_component>
      <object_component id="oc-171">
         <name>.debug_info</name>
         <load_address>0x4639</load_address>
         <run_address>0x4639</run_address>
         <size>0x357</size>
         <input_file_ref idref="fl-5"/>
      </object_component>
      <object_component id="oc-15f">
         <name>.debug_info</name>
         <load_address>0x4990</load_address>
         <run_address>0x4990</run_address>
         <size>0x109</size>
         <input_file_ref idref="fl-5"/>
      </object_component>
      <object_component id="oc-162">
         <name>.debug_info</name>
         <load_address>0x4a99</load_address>
         <run_address>0x4a99</run_address>
         <size>0x101</size>
         <input_file_ref idref="fl-5"/>
      </object_component>
      <object_component id="oc-165">
         <name>.debug_info</name>
         <load_address>0x4b9a</load_address>
         <run_address>0x4b9a</run_address>
         <size>0x105</size>
         <input_file_ref idref="fl-5"/>
      </object_component>
      <object_component id="oc-168">
         <name>.debug_info</name>
         <load_address>0x4c9f</load_address>
         <run_address>0x4c9f</run_address>
         <size>0x10b</size>
         <input_file_ref idref="fl-5"/>
      </object_component>
      <object_component id="oc-16b">
         <name>.debug_info</name>
         <load_address>0x4daa</load_address>
         <run_address>0x4daa</run_address>
         <size>0x109</size>
         <input_file_ref idref="fl-5"/>
      </object_component>
      <object_component id="oc-16e">
         <name>.debug_info</name>
         <load_address>0x4eb3</load_address>
         <run_address>0x4eb3</run_address>
         <size>0x10d</size>
         <input_file_ref idref="fl-5"/>
      </object_component>
      <object_component id="oc-15c">
         <name>.debug_info</name>
         <load_address>0x4fc0</load_address>
         <run_address>0x4fc0</run_address>
         <size>0x10a</size>
         <input_file_ref idref="fl-5"/>
      </object_component>
      <object_component id="oc-117">
         <name>.debug_info</name>
         <load_address>0x50ca</load_address>
         <run_address>0x50ca</run_address>
         <size>0x1128</size>
         <input_file_ref idref="fl-5"/>
      </object_component>
      <object_component id="oc-d2">
         <name>.debug_info</name>
         <load_address>0x61f2</load_address>
         <run_address>0x61f2</run_address>
         <size>0x49e</size>
         <input_file_ref idref="fl-6"/>
      </object_component>
      <object_component id="oc-9a">
         <name>.debug_info</name>
         <load_address>0x6690</load_address>
         <run_address>0x6690</run_address>
         <size>0x2b7</size>
         <input_file_ref idref="fl-6"/>
      </object_component>
      <object_component id="oc-132">
         <name>.debug_info</name>
         <load_address>0x6947</load_address>
         <run_address>0x6947</run_address>
         <size>0x3dc</size>
         <input_file_ref idref="fl-7"/>
      </object_component>
      <object_component id="oc-123">
         <name>.debug_info</name>
         <load_address>0x6d23</load_address>
         <run_address>0x6d23</run_address>
         <size>0x100</size>
         <input_file_ref idref="fl-7"/>
      </object_component>
      <object_component id="oc-129">
         <name>.debug_info</name>
         <load_address>0x6e23</load_address>
         <run_address>0x6e23</run_address>
         <size>0x10c</size>
         <input_file_ref idref="fl-7"/>
      </object_component>
      <object_component id="oc-114">
         <name>.debug_info</name>
         <load_address>0x6f2f</load_address>
         <run_address>0x6f2f</run_address>
         <size>0x106</size>
         <input_file_ref idref="fl-7"/>
      </object_component>
      <object_component id="oc-126">
         <name>.debug_info</name>
         <load_address>0x7035</load_address>
         <run_address>0x7035</run_address>
         <size>0x113</size>
         <input_file_ref idref="fl-7"/>
      </object_component>
      <object_component id="oc-c7">
         <name>.debug_info</name>
         <load_address>0x7148</load_address>
         <run_address>0x7148</run_address>
         <size>0x391e</size>
         <input_file_ref idref="fl-7"/>
      </object_component>
      <object_component id="oc-17b">
         <name>.debug_info</name>
         <load_address>0xaa66</load_address>
         <run_address>0xaa66</run_address>
         <size>0x51</size>
         <input_file_ref idref="fl-7"/>
      </object_component>
      <object_component id="oc-2c">
         <name>.debug_info</name>
         <load_address>0xaab7</load_address>
         <run_address>0xaab7</run_address>
         <size>0x2ab</size>
         <input_file_ref idref="fl-8"/>
      </object_component>
      <object_component id="oc-10">
         <name>.debug_info</name>
         <load_address>0xad62</load_address>
         <run_address>0xad62</run_address>
         <size>0xea</size>
         <input_file_ref idref="fl-8"/>
      </object_component>
      <object_component id="oc-25">
         <name>.debug_info</name>
         <load_address>0xae4c</load_address>
         <run_address>0xae4c</run_address>
         <size>0x266</size>
         <input_file_ref idref="fl-8"/>
      </object_component>
      <object_component id="oc-8b">
         <name>.debug_info</name>
         <load_address>0xb0b2</load_address>
         <run_address>0xb0b2</run_address>
         <size>0x313</size>
         <input_file_ref idref="fl-c2"/>
      </object_component>
      <object_component id="oc-45">
         <name>.debug_info</name>
         <load_address>0xb3c5</load_address>
         <run_address>0xb3c5</run_address>
         <size>0x1b4</size>
         <input_file_ref idref="fl-c2"/>
      </object_component>
      <object_component id="oc-86">
         <name>.debug_info</name>
         <load_address>0xb579</load_address>
         <run_address>0xb579</run_address>
         <size>0x46</size>
         <input_file_ref idref="fl-c2"/>
      </object_component>
      <object_component id="oc-bc">
         <name>.debug_info</name>
         <load_address>0xb5bf</load_address>
         <run_address>0xb5bf</run_address>
         <size>0x2c</size>
         <input_file_ref idref="fl-c2"/>
      </object_component>
      <object_component id="oc-22">
         <name>.debug_info</name>
         <load_address>0xb5eb</load_address>
         <run_address>0xb5eb</run_address>
         <size>0x100</size>
         <input_file_ref idref="fl-c5"/>
      </object_component>
      <object_component id="oc-57">
         <name>.debug_info</name>
         <load_address>0xb6eb</load_address>
         <run_address>0xb6eb</run_address>
         <size>0x1a4</size>
         <input_file_ref idref="fl-c5"/>
      </object_component>
      <object_component id="oc-144">
         <name>.debug_info</name>
         <load_address>0xb88f</load_address>
         <run_address>0xb88f</run_address>
         <size>0x547</size>
         <input_file_ref idref="fl-c8"/>
      </object_component>
      <object_component id="oc-e1">
         <name>.debug_info</name>
         <load_address>0xbdd6</load_address>
         <run_address>0xbdd6</run_address>
         <size>0x19b</size>
         <input_file_ref idref="fl-c8"/>
      </object_component>
      <object_component id="oc-191">
         <name>.debug_info</name>
         <load_address>0xbf71</load_address>
         <run_address>0xbf71</run_address>
         <size>0x39</size>
         <input_file_ref idref="fl-c8"/>
      </object_component>
      <object_component id="oc-1b5">
         <name>.debug_info</name>
         <load_address>0xbfaa</load_address>
         <run_address>0xbfaa</run_address>
         <size>0x39</size>
         <input_file_ref idref="fl-c8"/>
      </object_component>
      <object_component id="oc-196">
         <name>.debug_info</name>
         <load_address>0xbfe3</load_address>
         <run_address>0xbfe3</run_address>
         <size>0x39</size>
         <input_file_ref idref="fl-c8"/>
      </object_component>
      <object_component id="oc-19b">
         <name>.debug_info</name>
         <load_address>0xc01c</load_address>
         <run_address>0xc01c</run_address>
         <size>0xcd</size>
         <input_file_ref idref="fl-c8"/>
      </object_component>
      <object_component id="oc-93">
         <name>.debug_info</name>
         <load_address>0xc0e9</load_address>
         <run_address>0xc0e9</run_address>
         <size>0x148</size>
         <input_file_ref idref="fl-c9"/>
      </object_component>
      <object_component id="oc-d4">
         <name>.debug_info</name>
         <load_address>0xc231</load_address>
         <run_address>0xc231</run_address>
         <size>0x117</size>
         <input_file_ref idref="fl-cb"/>
      </object_component>
      <object_component id="oc-1ed">
         <name>.debug_info</name>
         <load_address>0xc348</load_address>
         <run_address>0xc348</run_address>
         <size>0xa0</size>
      </object_component>
      <object_component id="oc-112">
         <name>.debug_line</name>
         <load_address>0x0</load_address>
         <run_address>0x0</run_address>
         <size>0x5b</size>
         <input_file_ref idref="fl-2"/>
      </object_component>
      <object_component id="oc-180">
         <name>.debug_line</name>
         <load_address>0x5b</load_address>
         <run_address>0x5b</run_address>
         <size>0x55</size>
         <input_file_ref idref="fl-2"/>
      </object_component>
      <object_component id="oc-d0">
         <name>.debug_line</name>
         <load_address>0xb0</load_address>
         <run_address>0xb0</run_address>
         <size>0x620</size>
         <input_file_ref idref="fl-2"/>
      </object_component>
      <object_component id="oc-70">
         <name>.debug_line</name>
         <load_address>0x6d0</load_address>
         <run_address>0x6d0</run_address>
         <size>0x69</size>
         <input_file_ref idref="fl-2"/>
      </object_component>
      <object_component id="oc-b2">
         <name>.debug_line</name>
         <load_address>0x739</load_address>
         <run_address>0x739</run_address>
         <size>0x20</size>
         <input_file_ref idref="fl-2"/>
      </object_component>
      <object_component id="oc-ad">
         <name>.debug_line</name>
         <load_address>0x759</load_address>
         <run_address>0x759</run_address>
         <size>0x6d</size>
         <input_file_ref idref="fl-2"/>
      </object_component>
      <object_component id="oc-130">
         <name>.debug_line</name>
         <load_address>0x7c6</load_address>
         <run_address>0x7c6</run_address>
         <size>0x69</size>
         <input_file_ref idref="fl-2"/>
      </object_component>
      <object_component id="oc-75">
         <name>.debug_line</name>
         <load_address>0x82f</load_address>
         <run_address>0x82f</run_address>
         <size>0x6a</size>
         <input_file_ref idref="fl-2"/>
      </object_component>
      <object_component id="oc-121">
         <name>.debug_line</name>
         <load_address>0x899</load_address>
         <run_address>0x899</run_address>
         <size>0xf8</size>
         <input_file_ref idref="fl-3"/>
      </object_component>
      <object_component id="oc-36">
         <name>.debug_line</name>
         <load_address>0x991</load_address>
         <run_address>0x991</run_address>
         <size>0x20</size>
         <input_file_ref idref="fl-3"/>
      </object_component>
      <object_component id="oc-1b1">
         <name>.debug_line</name>
         <load_address>0x9b1</load_address>
         <run_address>0x9b1</run_address>
         <size>0x55</size>
         <input_file_ref idref="fl-5"/>
      </object_component>
      <object_component id="oc-1a5">
         <name>.debug_line</name>
         <load_address>0xa06</load_address>
         <run_address>0xa06</run_address>
         <size>0x5b</size>
         <input_file_ref idref="fl-5"/>
      </object_component>
      <object_component id="oc-1a7">
         <name>.debug_line</name>
         <load_address>0xa61</load_address>
         <run_address>0xa61</run_address>
         <size>0x5b</size>
         <input_file_ref idref="fl-5"/>
      </object_component>
      <object_component id="oc-1a9">
         <name>.debug_line</name>
         <load_address>0xabc</load_address>
         <run_address>0xabc</run_address>
         <size>0x5b</size>
         <input_file_ref idref="fl-5"/>
      </object_component>
      <object_component id="oc-1ab">
         <name>.debug_line</name>
         <load_address>0xb17</load_address>
         <run_address>0xb17</run_address>
         <size>0x5b</size>
         <input_file_ref idref="fl-5"/>
      </object_component>
      <object_component id="oc-1ad">
         <name>.debug_line</name>
         <load_address>0xb72</load_address>
         <run_address>0xb72</run_address>
         <size>0x5b</size>
         <input_file_ref idref="fl-5"/>
      </object_component>
      <object_component id="oc-1af">
         <name>.debug_line</name>
         <load_address>0xbcd</load_address>
         <run_address>0xbcd</run_address>
         <size>0x5b</size>
         <input_file_ref idref="fl-5"/>
      </object_component>
      <object_component id="oc-1a3">
         <name>.debug_line</name>
         <load_address>0xc28</load_address>
         <run_address>0xc28</run_address>
         <size>0x5b</size>
         <input_file_ref idref="fl-5"/>
      </object_component>
      <object_component id="oc-11a">
         <name>.debug_line</name>
         <load_address>0xc83</load_address>
         <run_address>0xc83</run_address>
         <size>0x30c</size>
         <input_file_ref idref="fl-5"/>
      </object_component>
      <object_component id="oc-138">
         <name>.debug_line</name>
         <load_address>0xf8f</load_address>
         <run_address>0xf8f</run_address>
         <size>0x8d</size>
         <input_file_ref idref="fl-6"/>
      </object_component>
      <object_component id="oc-9d">
         <name>.debug_line</name>
         <load_address>0x101c</load_address>
         <run_address>0x101c</run_address>
         <size>0x5c</size>
         <input_file_ref idref="fl-6"/>
      </object_component>
      <object_component id="oc-17a">
         <name>.debug_line</name>
         <load_address>0x1078</load_address>
         <run_address>0x1078</run_address>
         <size>0xc8</size>
         <input_file_ref idref="fl-7"/>
      </object_component>
      <object_component id="oc-174">
         <name>.debug_line</name>
         <load_address>0x1140</load_address>
         <run_address>0x1140</run_address>
         <size>0x58</size>
         <input_file_ref idref="fl-7"/>
      </object_component>
      <object_component id="oc-178">
         <name>.debug_line</name>
         <load_address>0x1198</load_address>
         <run_address>0x1198</run_address>
         <size>0x58</size>
         <input_file_ref idref="fl-7"/>
      </object_component>
      <object_component id="oc-15a">
         <name>.debug_line</name>
         <load_address>0x11f0</load_address>
         <run_address>0x11f0</run_address>
         <size>0x58</size>
         <input_file_ref idref="fl-7"/>
      </object_component>
      <object_component id="oc-176">
         <name>.debug_line</name>
         <load_address>0x1248</load_address>
         <run_address>0x1248</run_address>
         <size>0x58</size>
         <input_file_ref idref="fl-7"/>
      </object_component>
      <object_component id="oc-c6">
         <name>.debug_line</name>
         <load_address>0x12a0</load_address>
         <run_address>0x12a0</run_address>
         <size>0x9cf</size>
         <input_file_ref idref="fl-7"/>
      </object_component>
      <object_component id="oc-17d">
         <name>.debug_line</name>
         <load_address>0x1c6f</load_address>
         <run_address>0x1c6f</run_address>
         <size>0x58</size>
         <input_file_ref idref="fl-7"/>
      </object_component>
      <object_component id="oc-6c">
         <name>.debug_line</name>
         <load_address>0x1cc7</load_address>
         <run_address>0x1cc7</run_address>
         <size>0x41</size>
         <input_file_ref idref="fl-8"/>
      </object_component>
      <object_component id="oc-2b">
         <name>.debug_line</name>
         <load_address>0x1d08</load_address>
         <run_address>0x1d08</run_address>
         <size>0x41</size>
         <input_file_ref idref="fl-8"/>
      </object_component>
      <object_component id="oc-28">
         <name>.debug_line</name>
         <load_address>0x1d49</load_address>
         <run_address>0x1d49</run_address>
         <size>0xa1</size>
         <input_file_ref idref="fl-8"/>
      </object_component>
      <object_component id="oc-c2">
         <name>.debug_line</name>
         <load_address>0x1dea</load_address>
         <run_address>0x1dea</run_address>
         <size>0x9e</size>
         <input_file_ref idref="fl-c2"/>
      </object_component>
      <object_component id="oc-48">
         <name>.debug_line</name>
         <load_address>0x1e88</load_address>
         <run_address>0x1e88</run_address>
         <size>0x4f</size>
         <input_file_ref idref="fl-c2"/>
      </object_component>
      <object_component id="oc-89">
         <name>.debug_line</name>
         <load_address>0x1ed7</load_address>
         <run_address>0x1ed7</run_address>
         <size>0x34</size>
         <input_file_ref idref="fl-c2"/>
      </object_component>
      <object_component id="oc-bf">
         <name>.debug_line</name>
         <load_address>0x1f0b</load_address>
         <run_address>0x1f0b</run_address>
         <size>0x8a</size>
         <input_file_ref idref="fl-c2"/>
      </object_component>
      <object_component id="oc-69">
         <name>.debug_line</name>
         <load_address>0x1f95</load_address>
         <run_address>0x1f95</run_address>
         <size>0x33</size>
         <input_file_ref idref="fl-c5"/>
      </object_component>
      <object_component id="oc-5b">
         <name>.debug_line</name>
         <load_address>0x1fc8</load_address>
         <run_address>0x1fc8</run_address>
         <size>0x56</size>
         <input_file_ref idref="fl-c5"/>
      </object_component>
      <object_component id="oc-190">
         <name>.debug_line</name>
         <load_address>0x201e</load_address>
         <run_address>0x201e</run_address>
         <size>0xb7</size>
         <input_file_ref idref="fl-c8"/>
      </object_component>
      <object_component id="oc-e0">
         <name>.debug_line</name>
         <load_address>0x20d5</load_address>
         <run_address>0x20d5</run_address>
         <size>0x6c</size>
         <input_file_ref idref="fl-c8"/>
      </object_component>
      <object_component id="oc-194">
         <name>.debug_line</name>
         <load_address>0x2141</load_address>
         <run_address>0x2141</run_address>
         <size>0x2e</size>
         <input_file_ref idref="fl-c8"/>
      </object_component>
      <object_component id="oc-1b8">
         <name>.debug_line</name>
         <load_address>0x216f</load_address>
         <run_address>0x216f</run_address>
         <size>0x92</size>
         <input_file_ref idref="fl-c8"/>
      </object_component>
      <object_component id="oc-199">
         <name>.debug_line</name>
         <load_address>0x2201</load_address>
         <run_address>0x2201</run_address>
         <size>0x8f</size>
         <input_file_ref idref="fl-c8"/>
      </object_component>
      <object_component id="oc-19e">
         <name>.debug_line</name>
         <load_address>0x2290</load_address>
         <run_address>0x2290</run_address>
         <size>0x8b</size>
         <input_file_ref idref="fl-c8"/>
      </object_component>
      <object_component id="oc-96">
         <name>.debug_line</name>
         <load_address>0x231b</load_address>
         <run_address>0x231b</run_address>
         <size>0x40</size>
         <input_file_ref idref="fl-c9"/>
      </object_component>
      <object_component id="oc-d8">
         <name>.debug_line</name>
         <load_address>0x235b</load_address>
         <run_address>0x235b</run_address>
         <size>0x3c</size>
         <input_file_ref idref="fl-cb"/>
      </object_component>
      <object_component id="oc-cc">
         <name>.debug_frame</name>
         <load_address>0x0</load_address>
         <run_address>0x0</run_address>
         <size>0x450</size>
         <input_file_ref idref="fl-2"/>
      </object_component>
      <object_component id="oc-11d">
         <name>.debug_frame</name>
         <load_address>0x450</load_address>
         <run_address>0x450</run_address>
         <size>0xbc</size>
         <input_file_ref idref="fl-3"/>
      </object_component>
      <object_component id="oc-11b">
         <name>.debug_frame</name>
         <load_address>0x50c</load_address>
         <run_address>0x50c</run_address>
         <size>0x1d4</size>
         <input_file_ref idref="fl-5"/>
      </object_component>
      <object_component id="oc-99">
         <name>.debug_frame</name>
         <load_address>0x6e0</load_address>
         <run_address>0x6e0</run_address>
         <size>0x5c</size>
         <input_file_ref idref="fl-6"/>
      </object_component>
      <object_component id="oc-ca">
         <name>.debug_frame</name>
         <load_address>0x73c</load_address>
         <run_address>0x73c</run_address>
         <size>0x5a8</size>
         <input_file_ref idref="fl-7"/>
      </object_component>
      <object_component id="oc-29">
         <name>.debug_frame</name>
         <load_address>0xce4</load_address>
         <run_address>0xce4</run_address>
         <size>0x90</size>
         <input_file_ref idref="fl-8"/>
      </object_component>
      <object_component id="oc-49">
         <name>.debug_frame</name>
         <load_address>0xd74</load_address>
         <run_address>0xd74</run_address>
         <size>0x54</size>
         <input_file_ref idref="fl-c2"/>
      </object_component>
      <object_component id="oc-5a">
         <name>.debug_frame</name>
         <load_address>0xdc8</load_address>
         <run_address>0xdc8</run_address>
         <size>0x58</size>
         <input_file_ref idref="fl-c5"/>
      </object_component>
      <object_component id="oc-e4">
         <name>.debug_frame</name>
         <load_address>0xe20</load_address>
         <run_address>0xe20</run_address>
         <size>0x5c</size>
         <input_file_ref idref="fl-c8"/>
      </object_component>
      <object_component id="oc-97">
         <name>.debug_frame</name>
         <load_address>0xe7c</load_address>
         <run_address>0xe7c</run_address>
         <size>0x54</size>
         <input_file_ref idref="fl-c9"/>
      </object_component>
      <object_component id="oc-d7">
         <name>.debug_frame</name>
         <load_address>0xed0</load_address>
         <run_address>0xed0</run_address>
         <size>0x54</size>
         <input_file_ref idref="fl-cb"/>
      </object_component>
      <object_component id="oc-111">
         <name>.debug_abbrev</name>
         <load_address>0x0</load_address>
         <run_address>0x0</run_address>
         <size>0x6f</size>
         <input_file_ref idref="fl-2"/>
      </object_component>
      <object_component id="oc-17f">
         <name>.debug_abbrev</name>
         <load_address>0x6f</load_address>
         <run_address>0x6f</run_address>
         <size>0x27</size>
         <input_file_ref idref="fl-2"/>
      </object_component>
      <object_component id="oc-136">
         <name>.debug_abbrev</name>
         <load_address>0x96</load_address>
         <run_address>0x96</run_address>
         <size>0x103</size>
         <input_file_ref idref="fl-2"/>
      </object_component>
      <object_component id="oc-6f">
         <name>.debug_abbrev</name>
         <load_address>0x199</load_address>
         <run_address>0x199</run_address>
         <size>0x69</size>
         <input_file_ref idref="fl-2"/>
      </object_component>
      <object_component id="oc-b1">
         <name>.debug_abbrev</name>
         <load_address>0x202</load_address>
         <run_address>0x202</run_address>
         <size>0x1f</size>
         <input_file_ref idref="fl-2"/>
      </object_component>
      <object_component id="oc-ac">
         <name>.debug_abbrev</name>
         <load_address>0x221</load_address>
         <run_address>0x221</run_address>
         <size>0x5c</size>
         <input_file_ref idref="fl-2"/>
      </object_component>
      <object_component id="oc-12f">
         <name>.debug_abbrev</name>
         <load_address>0x27d</load_address>
         <run_address>0x27d</run_address>
         <size>0x24</size>
         <input_file_ref idref="fl-2"/>
      </object_component>
      <object_component id="oc-74">
         <name>.debug_abbrev</name>
         <load_address>0x2a1</load_address>
         <run_address>0x2a1</run_address>
         <size>0x24</size>
         <input_file_ref idref="fl-2"/>
      </object_component>
      <object_component id="oc-172">
         <name>.debug_abbrev</name>
         <load_address>0x2c5</load_address>
         <run_address>0x2c5</run_address>
         <size>0xca</size>
         <input_file_ref idref="fl-3"/>
      </object_component>
      <object_component id="oc-35">
         <name>.debug_abbrev</name>
         <load_address>0x38f</load_address>
         <run_address>0x38f</run_address>
         <size>0x1f</size>
         <input_file_ref idref="fl-3"/>
      </object_component>
      <object_component id="oc-1b0">
         <name>.debug_abbrev</name>
         <load_address>0x3ae</load_address>
         <run_address>0x3ae</run_address>
         <size>0x92</size>
         <input_file_ref idref="fl-5"/>
      </object_component>
      <object_component id="oc-1a4">
         <name>.debug_abbrev</name>
         <load_address>0x440</load_address>
         <run_address>0x440</run_address>
         <size>0x27</size>
         <input_file_ref idref="fl-5"/>
      </object_component>
      <object_component id="oc-1a6">
         <name>.debug_abbrev</name>
         <load_address>0x467</load_address>
         <run_address>0x467</run_address>
         <size>0x27</size>
         <input_file_ref idref="fl-5"/>
      </object_component>
      <object_component id="oc-1a8">
         <name>.debug_abbrev</name>
         <load_address>0x48e</load_address>
         <run_address>0x48e</run_address>
         <size>0x27</size>
         <input_file_ref idref="fl-5"/>
      </object_component>
      <object_component id="oc-1aa">
         <name>.debug_abbrev</name>
         <load_address>0x4b5</load_address>
         <run_address>0x4b5</run_address>
         <size>0x27</size>
         <input_file_ref idref="fl-5"/>
      </object_component>
      <object_component id="oc-1ac">
         <name>.debug_abbrev</name>
         <load_address>0x4dc</load_address>
         <run_address>0x4dc</run_address>
         <size>0x27</size>
         <input_file_ref idref="fl-5"/>
      </object_component>
      <object_component id="oc-1ae">
         <name>.debug_abbrev</name>
         <load_address>0x503</load_address>
         <run_address>0x503</run_address>
         <size>0x27</size>
         <input_file_ref idref="fl-5"/>
      </object_component>
      <object_component id="oc-1a2">
         <name>.debug_abbrev</name>
         <load_address>0x52a</load_address>
         <run_address>0x52a</run_address>
         <size>0x29</size>
         <input_file_ref idref="fl-5"/>
      </object_component>
      <object_component id="oc-170">
         <name>.debug_abbrev</name>
         <load_address>0x553</load_address>
         <run_address>0x553</run_address>
         <size>0x101</size>
         <input_file_ref idref="fl-5"/>
      </object_component>
      <object_component id="oc-137">
         <name>.debug_abbrev</name>
         <load_address>0x654</load_address>
         <run_address>0x654</run_address>
         <size>0xac</size>
         <input_file_ref idref="fl-6"/>
      </object_component>
      <object_component id="oc-d1">
         <name>.debug_abbrev</name>
         <load_address>0x700</load_address>
         <run_address>0x700</run_address>
         <size>0x62</size>
         <input_file_ref idref="fl-6"/>
      </object_component>
      <object_component id="oc-179">
         <name>.debug_abbrev</name>
         <load_address>0x762</load_address>
         <run_address>0x762</run_address>
         <size>0xb4</size>
         <input_file_ref idref="fl-7"/>
      </object_component>
      <object_component id="oc-173">
         <name>.debug_abbrev</name>
         <load_address>0x816</load_address>
         <run_address>0x816</run_address>
         <size>0x27</size>
         <input_file_ref idref="fl-7"/>
      </object_component>
      <object_component id="oc-177">
         <name>.debug_abbrev</name>
         <load_address>0x83d</load_address>
         <run_address>0x83d</run_address>
         <size>0x27</size>
         <input_file_ref idref="fl-7"/>
      </object_component>
      <object_component id="oc-159">
         <name>.debug_abbrev</name>
         <load_address>0x864</load_address>
         <run_address>0x864</run_address>
         <size>0x27</size>
         <input_file_ref idref="fl-7"/>
      </object_component>
      <object_component id="oc-175">
         <name>.debug_abbrev</name>
         <load_address>0x88b</load_address>
         <run_address>0x88b</run_address>
         <size>0x27</size>
         <input_file_ref idref="fl-7"/>
      </object_component>
      <object_component id="oc-12c">
         <name>.debug_abbrev</name>
         <load_address>0x8b2</load_address>
         <run_address>0x8b2</run_address>
         <size>0x12e</size>
         <input_file_ref idref="fl-7"/>
      </object_component>
      <object_component id="oc-17c">
         <name>.debug_abbrev</name>
         <load_address>0x9e0</load_address>
         <run_address>0x9e0</run_address>
         <size>0x38</size>
         <input_file_ref idref="fl-7"/>
      </object_component>
      <object_component id="oc-6b">
         <name>.debug_abbrev</name>
         <load_address>0xa18</load_address>
         <run_address>0xa18</run_address>
         <size>0x68</size>
         <input_file_ref idref="fl-8"/>
      </object_component>
      <object_component id="oc-2a">
         <name>.debug_abbrev</name>
         <load_address>0xa80</load_address>
         <run_address>0xa80</run_address>
         <size>0x29</size>
         <input_file_ref idref="fl-8"/>
      </object_component>
      <object_component id="oc-6a">
         <name>.debug_abbrev</name>
         <load_address>0xaa9</load_address>
         <run_address>0xaa9</run_address>
         <size>0x79</size>
         <input_file_ref idref="fl-8"/>
      </object_component>
      <object_component id="oc-c1">
         <name>.debug_abbrev</name>
         <load_address>0xb22</load_address>
         <run_address>0xb22</run_address>
         <size>0x73</size>
         <input_file_ref idref="fl-c2"/>
      </object_component>
      <object_component id="oc-85">
         <name>.debug_abbrev</name>
         <load_address>0xb95</load_address>
         <run_address>0xb95</run_address>
         <size>0x6f</size>
         <input_file_ref idref="fl-c2"/>
      </object_component>
      <object_component id="oc-88">
         <name>.debug_abbrev</name>
         <load_address>0xc04</load_address>
         <run_address>0xc04</run_address>
         <size>0x24</size>
         <input_file_ref idref="fl-c2"/>
      </object_component>
      <object_component id="oc-be">
         <name>.debug_abbrev</name>
         <load_address>0xc28</load_address>
         <run_address>0xc28</run_address>
         <size>0x24</size>
         <input_file_ref idref="fl-c2"/>
      </object_component>
      <object_component id="oc-68">
         <name>.debug_abbrev</name>
         <load_address>0xc4c</load_address>
         <run_address>0xc4c</run_address>
         <size>0x29</size>
         <input_file_ref idref="fl-c5"/>
      </object_component>
      <object_component id="oc-a1">
         <name>.debug_abbrev</name>
         <load_address>0xc75</load_address>
         <run_address>0xc75</run_address>
         <size>0x61</size>
         <input_file_ref idref="fl-c5"/>
      </object_component>
      <object_component id="oc-18f">
         <name>.debug_abbrev</name>
         <load_address>0xcd6</load_address>
         <run_address>0xcd6</run_address>
         <size>0xdb</size>
         <input_file_ref idref="fl-c8"/>
      </object_component>
      <object_component id="oc-143">
         <name>.debug_abbrev</name>
         <load_address>0xdb1</load_address>
         <run_address>0xdb1</run_address>
         <size>0x7e</size>
         <input_file_ref idref="fl-c8"/>
      </object_component>
      <object_component id="oc-193">
         <name>.debug_abbrev</name>
         <load_address>0xe2f</load_address>
         <run_address>0xe2f</run_address>
         <size>0x24</size>
         <input_file_ref idref="fl-c8"/>
      </object_component>
      <object_component id="oc-1b7">
         <name>.debug_abbrev</name>
         <load_address>0xe53</load_address>
         <run_address>0xe53</run_address>
         <size>0x24</size>
         <input_file_ref idref="fl-c8"/>
      </object_component>
      <object_component id="oc-198">
         <name>.debug_abbrev</name>
         <load_address>0xe77</load_address>
         <run_address>0xe77</run_address>
         <size>0x24</size>
         <input_file_ref idref="fl-c8"/>
      </object_component>
      <object_component id="oc-19d">
         <name>.debug_abbrev</name>
         <load_address>0xe9b</load_address>
         <run_address>0xe9b</run_address>
         <size>0x4b</size>
         <input_file_ref idref="fl-c8"/>
      </object_component>
      <object_component id="oc-c4">
         <name>.debug_abbrev</name>
         <load_address>0xee6</load_address>
         <run_address>0xee6</run_address>
         <size>0x55</size>
         <input_file_ref idref="fl-c9"/>
      </object_component>
      <object_component id="oc-139">
         <name>.debug_abbrev</name>
         <load_address>0xf3b</load_address>
         <run_address>0xf3b</run_address>
         <size>0x45</size>
         <input_file_ref idref="fl-cb"/>
      </object_component>
      <object_component id="oc-1ee">
         <name>.debug_abbrev</name>
         <load_address>0xf80</load_address>
         <run_address>0xf80</run_address>
         <size>0xf</size>
      </object_component>
      <object_component id="oc-71">
         <name>.debug_str</name>
         <load_address>0x0</load_address>
         <run_address>0x0</run_address>
         <size>0x2a8</size>
         <input_file_ref idref="fl-2"/>
      </object_component>
      <object_component id="oc-b3">
         <name>.debug_str</name>
         <load_address>0x2a8</load_address>
         <run_address>0x2a8</run_address>
         <size>0xfa</size>
         <input_file_ref idref="fl-2"/>
      </object_component>
      <object_component id="oc-ae">
         <name>.debug_str</name>
         <load_address>0x3a2</load_address>
         <run_address>0x3a2</run_address>
         <size>0x337</size>
         <input_file_ref idref="fl-2"/>
      </object_component>
      <object_component id="oc-131">
         <name>.debug_str</name>
         <load_address>0x6d9</load_address>
         <run_address>0x6d9</run_address>
         <size>0x1b3</size>
         <input_file_ref idref="fl-2"/>
      </object_component>
      <object_component id="oc-76">
         <name>.debug_str</name>
         <load_address>0x88c</load_address>
         <run_address>0x88c</run_address>
         <size>0x140</size>
         <input_file_ref idref="fl-2"/>
      </object_component>
      <object_component id="oc-37">
         <name>.debug_str</name>
         <load_address>0x9cc</load_address>
         <run_address>0x9cc</run_address>
         <size>0xfa</size>
         <input_file_ref idref="fl-3"/>
      </object_component>
      <object_component id="oc-17e">
         <name>.debug_str</name>
         <load_address>0xac6</load_address>
         <run_address>0xac6</run_address>
         <size>0xe2</size>
         <input_file_ref idref="fl-7"/>
      </object_component>
      <object_component id="oc-8a">
         <name>.debug_str</name>
         <load_address>0xba8</load_address>
         <run_address>0xba8</run_address>
         <size>0xfa</size>
         <input_file_ref idref="fl-c2"/>
      </object_component>
      <object_component id="oc-c0">
         <name>.debug_str</name>
         <load_address>0xca2</load_address>
         <run_address>0xca2</run_address>
         <size>0x12d</size>
         <input_file_ref idref="fl-c2"/>
      </object_component>
      <object_component id="oc-195">
         <name>.debug_str</name>
         <load_address>0xdcf</load_address>
         <run_address>0xdcf</run_address>
         <size>0xe2</size>
         <input_file_ref idref="fl-c8"/>
      </object_component>
      <object_component id="oc-1b9">
         <name>.debug_str</name>
         <load_address>0xeb1</load_address>
         <run_address>0xeb1</run_address>
         <size>0x144</size>
         <input_file_ref idref="fl-c8"/>
      </object_component>
      <object_component id="oc-19a">
         <name>.debug_str</name>
         <load_address>0xff5</load_address>
         <run_address>0xff5</run_address>
         <size>0x13d</size>
         <input_file_ref idref="fl-c8"/>
      </object_component>
      <object_component id="oc-19f">
         <name>.debug_str</name>
         <load_address>0x1132</load_address>
         <run_address>0x1132</run_address>
         <size>0x184</size>
         <input_file_ref idref="fl-c8"/>
      </object_component>
      <object_component id="oc-ce">
         <name>.debug_aranges</name>
         <load_address>0x0</load_address>
         <run_address>0x0</run_address>
         <size>0x160</size>
         <input_file_ref idref="fl-2"/>
      </object_component>
      <object_component id="oc-11f">
         <name>.debug_aranges</name>
         <load_address>0x160</load_address>
         <run_address>0x160</run_address>
         <size>0x48</size>
         <input_file_ref idref="fl-3"/>
      </object_component>
      <object_component id="oc-119">
         <name>.debug_aranges</name>
         <load_address>0x1a8</load_address>
         <run_address>0x1a8</run_address>
         <size>0xa0</size>
         <input_file_ref idref="fl-5"/>
      </object_component>
      <object_component id="oc-9b">
         <name>.debug_aranges</name>
         <load_address>0x248</load_address>
         <run_address>0x248</run_address>
         <size>0x20</size>
         <input_file_ref idref="fl-6"/>
      </object_component>
      <object_component id="oc-c8">
         <name>.debug_aranges</name>
         <load_address>0x268</load_address>
         <run_address>0x268</run_address>
         <size>0x1e0</size>
         <input_file_ref idref="fl-7"/>
      </object_component>
      <object_component id="oc-26">
         <name>.debug_aranges</name>
         <load_address>0x448</load_address>
         <run_address>0x448</run_address>
         <size>0x38</size>
         <input_file_ref idref="fl-8"/>
      </object_component>
      <object_component id="oc-47">
         <name>.debug_aranges</name>
         <load_address>0x480</load_address>
         <run_address>0x480</run_address>
         <size>0x20</size>
         <input_file_ref idref="fl-c2"/>
      </object_component>
      <object_component id="oc-59">
         <name>.debug_aranges</name>
         <load_address>0x4a0</load_address>
         <run_address>0x4a0</run_address>
         <size>0x20</size>
         <input_file_ref idref="fl-c5"/>
      </object_component>
      <object_component id="oc-e3">
         <name>.debug_aranges</name>
         <load_address>0x4c0</load_address>
         <run_address>0x4c0</run_address>
         <size>0x20</size>
         <input_file_ref idref="fl-c8"/>
      </object_component>
      <object_component id="oc-95">
         <name>.debug_aranges</name>
         <load_address>0x4e0</load_address>
         <run_address>0x4e0</run_address>
         <size>0x20</size>
         <input_file_ref idref="fl-c9"/>
      </object_component>
      <object_component id="oc-d5">
         <name>.debug_aranges</name>
         <load_address>0x500</load_address>
         <run_address>0x500</run_address>
         <size>0x20</size>
         <input_file_ref idref="fl-cb"/>
      </object_component>
      <object_component id="oc-135">
         <name>.debug_pubnames</name>
         <load_address>0x0</load_address>
         <run_address>0x0</run_address>
         <size>0x2d</size>
         <input_file_ref idref="fl-2"/>
      </object_component>
      <object_component id="oc-cf">
         <name>.debug_pubnames</name>
         <load_address>0x2d</load_address>
         <run_address>0x2d</run_address>
         <size>0x3e1</size>
         <input_file_ref idref="fl-2"/>
      </object_component>
      <object_component id="oc-120">
         <name>.debug_pubnames</name>
         <load_address>0x40e</load_address>
         <run_address>0x40e</run_address>
         <size>0x6a</size>
         <input_file_ref idref="fl-3"/>
      </object_component>
      <object_component id="oc-160">
         <name>.debug_pubnames</name>
         <load_address>0x478</load_address>
         <run_address>0x478</run_address>
         <size>0x26</size>
         <input_file_ref idref="fl-5"/>
      </object_component>
      <object_component id="oc-163">
         <name>.debug_pubnames</name>
         <load_address>0x49e</load_address>
         <run_address>0x49e</run_address>
         <size>0x22</size>
         <input_file_ref idref="fl-5"/>
      </object_component>
      <object_component id="oc-166">
         <name>.debug_pubnames</name>
         <load_address>0x4c0</load_address>
         <run_address>0x4c0</run_address>
         <size>0x24</size>
         <input_file_ref idref="fl-5"/>
      </object_component>
      <object_component id="oc-169">
         <name>.debug_pubnames</name>
         <load_address>0x4e4</load_address>
         <run_address>0x4e4</run_address>
         <size>0x27</size>
         <input_file_ref idref="fl-5"/>
      </object_component>
      <object_component id="oc-16c">
         <name>.debug_pubnames</name>
         <load_address>0x50b</load_address>
         <run_address>0x50b</run_address>
         <size>0x26</size>
         <input_file_ref idref="fl-5"/>
      </object_component>
      <object_component id="oc-16f">
         <name>.debug_pubnames</name>
         <load_address>0x531</load_address>
         <run_address>0x531</run_address>
         <size>0x28</size>
         <input_file_ref idref="fl-5"/>
      </object_component>
      <object_component id="oc-15d">
         <name>.debug_pubnames</name>
         <load_address>0x559</load_address>
         <run_address>0x559</run_address>
         <size>0x26</size>
         <input_file_ref idref="fl-5"/>
      </object_component>
      <object_component id="oc-118">
         <name>.debug_pubnames</name>
         <load_address>0x57f</load_address>
         <run_address>0x57f</run_address>
         <size>0x15b</size>
         <input_file_ref idref="fl-5"/>
      </object_component>
      <object_component id="oc-9c">
         <name>.debug_pubnames</name>
         <load_address>0x6da</load_address>
         <run_address>0x6da</run_address>
         <size>0x1b</size>
         <input_file_ref idref="fl-6"/>
      </object_component>
      <object_component id="oc-124">
         <name>.debug_pubnames</name>
         <load_address>0x6f5</load_address>
         <run_address>0x6f5</run_address>
         <size>0x23</size>
         <input_file_ref idref="fl-7"/>
      </object_component>
      <object_component id="oc-12a">
         <name>.debug_pubnames</name>
         <load_address>0x718</load_address>
         <run_address>0x718</run_address>
         <size>0x29</size>
         <input_file_ref idref="fl-7"/>
      </object_component>
      <object_component id="oc-115">
         <name>.debug_pubnames</name>
         <load_address>0x741</load_address>
         <run_address>0x741</run_address>
         <size>0x26</size>
         <input_file_ref idref="fl-7"/>
      </object_component>
      <object_component id="oc-127">
         <name>.debug_pubnames</name>
         <load_address>0x767</load_address>
         <run_address>0x767</run_address>
         <size>0x2c</size>
         <input_file_ref idref="fl-7"/>
      </object_component>
      <object_component id="oc-c9">
         <name>.debug_pubnames</name>
         <load_address>0x793</load_address>
         <run_address>0x793</run_address>
         <size>0x59a</size>
         <input_file_ref idref="fl-7"/>
      </object_component>
      <object_component id="oc-11">
         <name>.debug_pubnames</name>
         <load_address>0xd2d</load_address>
         <run_address>0xd2d</run_address>
         <size>0x23</size>
         <input_file_ref idref="fl-8"/>
      </object_component>
      <object_component id="oc-27">
         <name>.debug_pubnames</name>
         <load_address>0xd50</load_address>
         <run_address>0xd50</run_address>
         <size>0x4c</size>
         <input_file_ref idref="fl-8"/>
      </object_component>
      <object_component id="oc-46">
         <name>.debug_pubnames</name>
         <load_address>0xd9c</load_address>
         <run_address>0xd9c</run_address>
         <size>0x2e</size>
         <input_file_ref idref="fl-c2"/>
      </object_component>
      <object_component id="oc-23">
         <name>.debug_pubnames</name>
         <load_address>0xdca</load_address>
         <run_address>0xdca</run_address>
         <size>0x1e</size>
         <input_file_ref idref="fl-c5"/>
      </object_component>
      <object_component id="oc-58">
         <name>.debug_pubnames</name>
         <load_address>0xde8</load_address>
         <run_address>0xde8</run_address>
         <size>0x26</size>
         <input_file_ref idref="fl-c5"/>
      </object_component>
      <object_component id="oc-e2">
         <name>.debug_pubnames</name>
         <load_address>0xe0e</load_address>
         <run_address>0xe0e</run_address>
         <size>0x35</size>
         <input_file_ref idref="fl-c8"/>
      </object_component>
      <object_component id="oc-94">
         <name>.debug_pubnames</name>
         <load_address>0xe43</load_address>
         <run_address>0xe43</run_address>
         <size>0x27</size>
         <input_file_ref idref="fl-c9"/>
      </object_component>
      <object_component id="oc-d6">
         <name>.debug_pubnames</name>
         <load_address>0xe6a</load_address>
         <run_address>0xe6a</run_address>
         <size>0x1c</size>
         <input_file_ref idref="fl-cb"/>
      </object_component>
      <object_component id="oc-6e">
         <name>.debug_pubtypes</name>
         <load_address>0x0</load_address>
         <run_address>0x0</run_address>
         <size>0x25c</size>
         <input_file_ref idref="fl-2"/>
      </object_component>
      <object_component id="oc-b0">
         <name>.debug_pubtypes</name>
         <load_address>0x25c</load_address>
         <run_address>0x25c</run_address>
         <size>0xff</size>
         <input_file_ref idref="fl-2"/>
      </object_component>
      <object_component id="oc-ab">
         <name>.debug_pubtypes</name>
         <load_address>0x35b</load_address>
         <run_address>0x35b</run_address>
         <size>0x325</size>
         <input_file_ref idref="fl-2"/>
      </object_component>
      <object_component id="oc-12e">
         <name>.debug_pubtypes</name>
         <load_address>0x680</load_address>
         <run_address>0x680</run_address>
         <size>0x12e</size>
         <input_file_ref idref="fl-2"/>
      </object_component>
      <object_component id="oc-73">
         <name>.debug_pubtypes</name>
         <load_address>0x7ae</load_address>
         <run_address>0x7ae</run_address>
         <size>0xaa</size>
         <input_file_ref idref="fl-2"/>
      </object_component>
      <object_component id="oc-34">
         <name>.debug_pubtypes</name>
         <load_address>0x858</load_address>
         <run_address>0x858</run_address>
         <size>0xed</size>
         <input_file_ref idref="fl-3"/>
      </object_component>
      <object_component id="oc-87">
         <name>.debug_pubtypes</name>
         <load_address>0x945</load_address>
         <run_address>0x945</run_address>
         <size>0x48</size>
         <input_file_ref idref="fl-c2"/>
      </object_component>
      <object_component id="oc-bd">
         <name>.debug_pubtypes</name>
         <load_address>0x98d</load_address>
         <run_address>0x98d</run_address>
         <size>0x1d</size>
         <input_file_ref idref="fl-c2"/>
      </object_component>
      <object_component id="oc-192">
         <name>.debug_pubtypes</name>
         <load_address>0x9aa</load_address>
         <run_address>0x9aa</run_address>
         <size>0x32</size>
         <input_file_ref idref="fl-c8"/>
      </object_component>
      <object_component id="oc-1b6">
         <name>.debug_pubtypes</name>
         <load_address>0x9dc</load_address>
         <run_address>0x9dc</run_address>
         <size>0x30</size>
         <input_file_ref idref="fl-c8"/>
      </object_component>
      <object_component id="oc-197">
         <name>.debug_pubtypes</name>
         <load_address>0xa0c</load_address>
         <run_address>0xa0c</run_address>
         <size>0x2c</size>
         <input_file_ref idref="fl-c8"/>
      </object_component>
      <object_component id="oc-19c">
         <name>.debug_pubtypes</name>
         <load_address>0xa38</load_address>
         <run_address>0xa38</run_address>
         <size>0x50</size>
         <input_file_ref idref="fl-c8"/>
      </object_component>
   </object_component_list>
   <logical_group_list>
      <logical_group id="lg-3" display="no" color="cyan">
         <name>.intvecs</name>
         <load_address>0x0</load_address>
         <run_address>0x0</run_address>
         <size>0x26c</size>
         <contents>
            <object_component_ref idref="oc-f"/>
         </contents>
      </logical_group>
      <logical_group id="lg-4" display="no" color="cyan">
         <name>.text</name>
         <load_address>0x26c</load_address>
         <run_address>0x26c</run_address>
         <size>0x1d2c</size>
         <contents>
            <object_component_ref idref="oc-c5"/>
            <object_component_ref idref="oc-cb"/>
            <object_component_ref idref="oc-116"/>
            <object_component_ref idref="oc-98"/>
            <object_component_ref idref="oc-df"/>
            <object_component_ref idref="oc-11c"/>
            <object_component_ref idref="oc-56"/>
            <object_component_ref idref="oc-44"/>
            <object_component_ref idref="oc-24"/>
            <object_component_ref idref="oc-12b"/>
            <object_component_ref idref="oc-92"/>
            <object_component_ref idref="oc-d3"/>
         </contents>
      </logical_group>
      <logical_group id="lg-5" display="no" color="cyan">
         <name>.const</name>
         <load_address>0x1f98</load_address>
         <run_address>0x1f98</run_address>
         <size>0x360</size>
         <contents>
            <object_component_ref idref="oc-128"/>
            <object_component_ref idref="oc-161"/>
            <object_component_ref idref="oc-122"/>
            <object_component_ref idref="oc-113"/>
            <object_component_ref idref="oc-15e"/>
            <object_component_ref idref="oc-167"/>
            <object_component_ref idref="oc-164"/>
            <object_component_ref idref="oc-16a"/>
            <object_component_ref idref="oc-16d"/>
            <object_component_ref idref="oc-125"/>
         </contents>
      </logical_group>
      <logical_group id="lg-6" display="no" color="cyan">
         <name>.cinit</name>
         <load_address>0x22f8</load_address>
         <run_address>0x22f8</run_address>
         <size>0x24</size>
         <contents>
            <object_component_ref idref="oc-1eb"/>
            <object_component_ref idref="oc-1ea"/>
            <object_component_ref idref="oc-1e8"/>
            <object_component_ref idref="oc-1e9"/>
         </contents>
      </logical_group>
      <logical_group id="lg-7" display="no" color="cyan">
         <name>.pinit</name>
         <run_address>0x0</run_address>
         <size>0x0</size>
         <contents>
         </contents>
      </logical_group>
      <logical_group id="lg-8" display="no" color="cyan">
         <name>.init_array</name>
         <run_address>0x0</run_address>
         <size>0x0</size>
         <contents>
         </contents>
      </logical_group>
      <logical_group id="lg-9" display="no" color="cyan">
         <name>.vtable</name>
         <run_address>0x20000000</run_address>
         <size>0x26c</size>
         <contents>
            <object_component_ref idref="oc-15b"/>
         </contents>
      </logical_group>
      <logical_group id="lg-a" display="no" color="cyan">
         <name>.data</name>
         <run_address>0x0</run_address>
         <size>0x0</size>
         <contents>
         </contents>
      </logical_group>
      <logical_group id="lg-b" display="no" color="cyan">
         <name>.bss</name>
         <run_address>0x20000470</run_address>
         <size>0x8</size>
         <contents>
            <object_component_ref idref="oc-133"/>
         </contents>
      </logical_group>
      <logical_group id="lg-c" display="no" color="cyan">
         <name>.sysmem</name>
         <run_address>0x0</run_address>
         <size>0x0</size>
         <contents>
         </contents>
      </logical_group>
      <logical_group id="lg-d" display="no" color="cyan">
         <name>.stack</name>
         <run_address>0x20000270</run_address>
         <size>0x200</size>
         <contents>
            <object_component_ref idref="oc-21"/>
            <object_component_ref idref="oc-1ec"/>
         </contents>
      </logical_group>
      <logical_group id="lg-1c1" display="no" color="cyan">
         <name>.TI.noinit</name>
         <run_address>0x0</run_address>
         <size>0x0</size>
         <contents>
         </contents>
      </logical_group>
      <logical_group id="lg-1c2" display="no" color="cyan">
         <name>.TI.persistent</name>
         <run_address>0x0</run_address>
         <size>0x0</size>
         <contents>
         </contents>
      </logical_group>
      <logical_group id="lg-1d0" display="never" color="cyan">
         <name>.debug_info</name>
         <load_address>0x0</load_address>
         <run_address>0x0</run_address>
         <size>0xc3e8</size>
         <contents>
            <object_component_ref idref="oc-b4"/>
            <object_component_ref idref="oc-134"/>
            <object_component_ref idref="oc-cd"/>
            <object_component_ref idref="oc-6d"/>
            <object_component_ref idref="oc-af"/>
            <object_component_ref idref="oc-aa"/>
            <object_component_ref idref="oc-12d"/>
            <object_component_ref idref="oc-72"/>
            <object_component_ref idref="oc-11e"/>
            <object_component_ref idref="oc-33"/>
            <object_component_ref idref="oc-171"/>
            <object_component_ref idref="oc-15f"/>
            <object_component_ref idref="oc-162"/>
            <object_component_ref idref="oc-165"/>
            <object_component_ref idref="oc-168"/>
            <object_component_ref idref="oc-16b"/>
            <object_component_ref idref="oc-16e"/>
            <object_component_ref idref="oc-15c"/>
            <object_component_ref idref="oc-117"/>
            <object_component_ref idref="oc-d2"/>
            <object_component_ref idref="oc-9a"/>
            <object_component_ref idref="oc-132"/>
            <object_component_ref idref="oc-123"/>
            <object_component_ref idref="oc-129"/>
            <object_component_ref idref="oc-114"/>
            <object_component_ref idref="oc-126"/>
            <object_component_ref idref="oc-c7"/>
            <object_component_ref idref="oc-17b"/>
            <object_component_ref idref="oc-2c"/>
            <object_component_ref idref="oc-10"/>
            <object_component_ref idref="oc-25"/>
            <object_component_ref idref="oc-8b"/>
            <object_component_ref idref="oc-45"/>
            <object_component_ref idref="oc-86"/>
            <object_component_ref idref="oc-bc"/>
            <object_component_ref idref="oc-22"/>
            <object_component_ref idref="oc-57"/>
            <object_component_ref idref="oc-144"/>
            <object_component_ref idref="oc-e1"/>
            <object_component_ref idref="oc-191"/>
            <object_component_ref idref="oc-1b5"/>
            <object_component_ref idref="oc-196"/>
            <object_component_ref idref="oc-19b"/>
            <object_component_ref idref="oc-93"/>
            <object_component_ref idref="oc-d4"/>
            <object_component_ref idref="oc-1ed"/>
         </contents>
      </logical_group>
      <logical_group id="lg-1d2" display="never" color="cyan">
         <name>.debug_line</name>
         <load_address>0x0</load_address>
         <run_address>0x0</run_address>
         <size>0x2397</size>
         <contents>
            <object_component_ref idref="oc-112"/>
            <object_component_ref idref="oc-180"/>
            <object_component_ref idref="oc-d0"/>
            <object_component_ref idref="oc-70"/>
            <object_component_ref idref="oc-b2"/>
            <object_component_ref idref="oc-ad"/>
            <object_component_ref idref="oc-130"/>
            <object_component_ref idref="oc-75"/>
            <object_component_ref idref="oc-121"/>
            <object_component_ref idref="oc-36"/>
            <object_component_ref idref="oc-1b1"/>
            <object_component_ref idref="oc-1a5"/>
            <object_component_ref idref="oc-1a7"/>
            <object_component_ref idref="oc-1a9"/>
            <object_component_ref idref="oc-1ab"/>
            <object_component_ref idref="oc-1ad"/>
            <object_component_ref idref="oc-1af"/>
            <object_component_ref idref="oc-1a3"/>
            <object_component_ref idref="oc-11a"/>
            <object_component_ref idref="oc-138"/>
            <object_component_ref idref="oc-9d"/>
            <object_component_ref idref="oc-17a"/>
            <object_component_ref idref="oc-174"/>
            <object_component_ref idref="oc-178"/>
            <object_component_ref idref="oc-15a"/>
            <object_component_ref idref="oc-176"/>
            <object_component_ref idref="oc-c6"/>
            <object_component_ref idref="oc-17d"/>
            <object_component_ref idref="oc-6c"/>
            <object_component_ref idref="oc-2b"/>
            <object_component_ref idref="oc-28"/>
            <object_component_ref idref="oc-c2"/>
            <object_component_ref idref="oc-48"/>
            <object_component_ref idref="oc-89"/>
            <object_component_ref idref="oc-bf"/>
            <object_component_ref idref="oc-69"/>
            <object_component_ref idref="oc-5b"/>
            <object_component_ref idref="oc-190"/>
            <object_component_ref idref="oc-e0"/>
            <object_component_ref idref="oc-194"/>
            <object_component_ref idref="oc-1b8"/>
            <object_component_ref idref="oc-199"/>
            <object_component_ref idref="oc-19e"/>
            <object_component_ref idref="oc-96"/>
            <object_component_ref idref="oc-d8"/>
         </contents>
      </logical_group>
      <logical_group id="lg-1d4" display="never" color="cyan">
         <name>.debug_frame</name>
         <load_address>0x0</load_address>
         <run_address>0x0</run_address>
         <size>0xf24</size>
         <contents>
            <object_component_ref idref="oc-cc"/>
            <object_component_ref idref="oc-11d"/>
            <object_component_ref idref="oc-11b"/>
            <object_component_ref idref="oc-99"/>
            <object_component_ref idref="oc-ca"/>
            <object_component_ref idref="oc-29"/>
            <object_component_ref idref="oc-49"/>
            <object_component_ref idref="oc-5a"/>
            <object_component_ref idref="oc-e4"/>
            <object_component_ref idref="oc-97"/>
            <object_component_ref idref="oc-d7"/>
         </contents>
      </logical_group>
      <logical_group id="lg-1d6" display="never" color="cyan">
         <name>.debug_abbrev</name>
         <load_address>0x0</load_address>
         <run_address>0x0</run_address>
         <size>0xf8f</size>
         <contents>
            <object_component_ref idref="oc-111"/>
            <object_component_ref idref="oc-17f"/>
            <object_component_ref idref="oc-136"/>
            <object_component_ref idref="oc-6f"/>
            <object_component_ref idref="oc-b1"/>
            <object_component_ref idref="oc-ac"/>
            <object_component_ref idref="oc-12f"/>
            <object_component_ref idref="oc-74"/>
            <object_component_ref idref="oc-172"/>
            <object_component_ref idref="oc-35"/>
            <object_component_ref idref="oc-1b0"/>
            <object_component_ref idref="oc-1a4"/>
            <object_component_ref idref="oc-1a6"/>
            <object_component_ref idref="oc-1a8"/>
            <object_component_ref idref="oc-1aa"/>
            <object_component_ref idref="oc-1ac"/>
            <object_component_ref idref="oc-1ae"/>
            <object_component_ref idref="oc-1a2"/>
            <object_component_ref idref="oc-170"/>
            <object_component_ref idref="oc-137"/>
            <object_component_ref idref="oc-d1"/>
            <object_component_ref idref="oc-179"/>
            <object_component_ref idref="oc-173"/>
            <object_component_ref idref="oc-177"/>
            <object_component_ref idref="oc-159"/>
            <object_component_ref idref="oc-175"/>
            <object_component_ref idref="oc-12c"/>
            <object_component_ref idref="oc-17c"/>
            <object_component_ref idref="oc-6b"/>
            <object_component_ref idref="oc-2a"/>
            <object_component_ref idref="oc-6a"/>
            <object_component_ref idref="oc-c1"/>
            <object_component_ref idref="oc-85"/>
            <object_component_ref idref="oc-88"/>
            <object_component_ref idref="oc-be"/>
[...]
      <symbol id="sm-b4">
         <name>ADCPhaseDelaySet</name>
         <value>0x1945</value>
         <object_component_ref idref="oc-cb"/>
      </symbol>
      <symbol id="sm-b5">
         <name>ADCComparatorRegionSet</name>
         <value>0x17d3</value>
         <object_component_ref idref="oc-cb"/>
      </symbol>
      <symbol id="sm-b6">
         <name>ADCSoftwareOversampleConfigure</name>
         <value>0x15bd</value>
         <object_component_ref idref="oc-cb"/>
      </symbol>
      <symbol id="sm-b7">
         <name>ADCSequenceEnable</name>
         <value>0x133d</value>
         <object_component_ref idref="oc-cb"/>
      </symbol>
      <symbol id="sm-b8">
         <name>ADCClockConfigGet</name>
         <value>0x19e5</value>
         <object_component_ref idref="oc-cb"/>
      </symbol>
      <symbol id="sm-b9">
         <name>ADCReferenceGet</name>
         <value>0x1933</value>
         <object_component_ref idref="oc-cb"/>
      </symbol>
      <symbol id="sm-ba">
         <name>ADCSequenceOverflowClear</name>
         <value>0x1513</value>
         <object_component_ref idref="oc-cb"/>
      </symbol>
      <symbol id="sm-bb">
         <name>ADCIntDisable</name>
         <value>0x128d</value>
         <object_component_ref idref="oc-cb"/>
      </symbol>
      <symbol id="sm-bc">
         <name>ADCIntStatusEx</name>
         <value>0x18d3</value>
         <object_component_ref idref="oc-cb"/>
      </symbol>
      <symbol id="sm-bd">
         <name>ADCIntClearEx</name>
         <value>0x1905</value>
         <object_component_ref idref="oc-cb"/>
      </symbol>
      <symbol id="sm-be">
         <name>ADCIntUnregister</name>
         <value>0x126f</value>
         <object_component_ref idref="oc-cb"/>
      </symbol>
      <symbol id="sm-bf">
         <name>ADCSequenceOverflow</name>
         <value>0x14fb</value>
         <object_component_ref idref="oc-cb"/>
      </symbol>
      <symbol id="sm-c0">
         <name>ADCSequenceConfigure</name>
         <value>0x1371</value>
         <object_component_ref idref="oc-cb"/>
      </symbol>
      <symbol id="sm-c1">
         <name>ADCIntEnable</name>
         <value>0x12a9</value>
         <object_component_ref idref="oc-cb"/>
      </symbol>
      <symbol id="sm-c2">
         <name>ADCComparatorIntDisable</name>
         <value>0x183d</value>
         <object_component_ref idref="oc-cb"/>
      </symbol>
      <symbol id="sm-c3">
         <name>ADCBusy</name>
         <value>0x199d</value>
         <object_component_ref idref="oc-cb"/>
      </symbol>
      <symbol id="sm-c4">
         <name>ADCComparatorReset</name>
         <value>0x17f7</value>
         <object_component_ref idref="oc-cb"/>
      </symbol>
      <symbol id="sm-c5">
         <name>ADCReferenceSet</name>
         <value>0x1917</value>
         <object_component_ref idref="oc-cb"/>
      </symbol>
      <symbol id="sm-c6">
         <name>ADCPhaseDelayGet</name>
         <value>0x1957</value>
         <object_component_ref idref="oc-cb"/>
      </symbol>
      <symbol id="sm-c7">
         <name>ADCSequenceStepConfigure</name>
         <value>0x140d</value>
         <object_component_ref idref="oc-cb"/>
      </symbol>
      <symbol id="sm-c8">
         <name>ADCSequenceDMADisable</name>
         <value>0x1981</value>
         <object_component_ref idref="oc-cb"/>
      </symbol>
      <symbol id="sm-c9">
         <name>ADCIntClear</name>
         <value>0x1327</value>
         <object_component_ref idref="oc-cb"/>
      </symbol>
      <symbol id="sm-ca">
         <name>ADCHardwareOversampleConfigure</name>
         <value>0x1785</value>
         <object_component_ref idref="oc-cb"/>
      </symbol>
      <symbol id="sm-cb">
         <name>ADCIntStatus</name>
         <value>0x12cf</value>
         <object_component_ref idref="oc-cb"/>
      </symbol>
      <symbol id="sm-cc">
         <name>ADCIntRegister</name>
         <value>0x1247</value>
         <object_component_ref idref="oc-cb"/>
      </symbol>
      <symbol id="sm-cd">
         <name>ADCSequenceDisable</name>
         <value>0x1357</value>
         <object_component_ref idref="oc-cb"/>
      </symbol>
      <symbol id="sm-ce">
         <name>ADCClockConfigSet</name>
         <value>0x19bb</value>
         <object_component_ref idref="oc-cb"/>
      </symbol>
      <symbol id="sm-cf">
         <name>ADCSoftwareOversampleDataGet</name>
         <value>0x16f1</value>
         <object_component_ref idref="oc-cb"/>
      </symbol>
      <symbol id="sm-d0">
         <name>ADCSequenceDataGet</name>
         <value>0x1557</value>
         <object_component_ref idref="oc-cb"/>
      </symbol>
      <symbol id="sm-e4">
         <name>CPUbasepriGet</name>
         <value>0x1f29</value>
         <object_component_ref idref="oc-11c"/>
      </symbol>
      <symbol id="sm-e5">
         <name>CPUbasepriSet</name>
         <value>0x1f1b</value>
         <object_component_ref idref="oc-11c"/>
      </symbol>
      <symbol id="sm-e6">
         <name>CPUprimask</name>
         <value>0x1f01</value>
         <object_component_ref idref="oc-11c"/>
      </symbol>
      <symbol id="sm-e7">
         <name>CPUcpsie</name>
         <value>0x1f0b</value>
         <object_component_ref idref="oc-11c"/>
      </symbol>
      <symbol id="sm-e8">
         <name>CPUcpsid</name>
         <value>0x1ef5</value>
         <object_component_ref idref="oc-11c"/>
      </symbol>
      <symbol id="sm-e9">
         <name>CPUwfi</name>
         <value>0x1f17</value>
         <object_component_ref idref="oc-11c"/>
      </symbol>
      <symbol id="sm-167">
         <name>IntPendClear</name>
         <value>0x1d51</value>
         <object_component_ref idref="oc-116"/>
      </symbol>
      <symbol id="sm-168">
         <name>IntPriorityGroupingGet</name>
         <value>0x1acb</value>
         <object_component_ref idref="oc-116"/>
      </symbol>
      <symbol id="sm-169">
         <name>IntPrioritySet</name>
         <value>0x1b03</value>
         <object_component_ref idref="oc-116"/>
      </symbol>
      <symbol id="sm-16a">
         <name>IntIsEnabled</name>
         <value>0x1c5b</value>
         <object_component_ref idref="oc-116"/>
      </symbol>
      <symbol id="sm-16b">
         <name>IntEnable</name>
         <value>0x1b77</value>
         <object_component_ref idref="oc-116"/>
      </symbol>
      <symbol id="sm-16c">
         <name>IntTrigger</name>
         <value>0x1db3</value>
         <object_component_ref idref="oc-116"/>
      </symbol>
      <symbol id="sm-16d">
         <name>IntPriorityMaskSet</name>
         <value>0x1d9f</value>
         <object_component_ref idref="oc-116"/>
      </symbol>
      <symbol id="sm-16e">
         <name>IntPriorityGroupingSet</name>
         <value>0x1ab1</value>
         <object_component_ref idref="oc-116"/>
      </symbol>
      <symbol id="sm-16f">
         <name>IntDisable</name>
         <value>0x1be9</value>
         <object_component_ref idref="oc-116"/>
      </symbol>
      <symbol id="sm-170">
         <name>IntRegister</name>
         <value>0x1a4b</value>
         <object_component_ref idref="oc-116"/>
      </symbol>
      <symbol id="sm-171">
         <name>IntPriorityGet</name>
         <value>0x1b53</value>
         <object_component_ref idref="oc-116"/>
      </symbol>
      <symbol id="sm-172">
         <name>IntMasterDisable</name>
         <value>0x1a3b</value>
         <object_component_ref idref="oc-116"/>
      </symbol>
      <symbol id="sm-173">
         <name>IntUnregister</name>
         <value>0x1a9d</value>
         <object_component_ref idref="oc-116"/>
      </symbol>
      <symbol id="sm-174">
         <name>IntPriorityMaskGet</name>
         <value>0x1dab</value>
         <object_component_ref idref="oc-116"/>
      </symbol>
      <symbol id="sm-175">
         <name>g_pfnRAMVectors</name>
         <value>0x20000000</value>
         <object_component_ref idref="oc-15b"/>
      </symbol>
      <symbol id="sm-176">
         <name>IntMasterEnable</name>
         <value>0x1a2b</value>
         <object_component_ref idref="oc-116"/>
      </symbol>
      <symbol id="sm-177">
         <name>IntPendSet</name>
         <value>0x1ce1</value>
         <object_component_ref idref="oc-116"/>
      </symbol>
      <symbol id="sm-18a">
         <name>main</name>
         <value>0x1de9</value>
         <object_component_ref idref="oc-98"/>
      </symbol>
      <symbol id="sm-2cb">
         <name>SysCtlGPIOAHBEnable</name>
         <value>0x1017</value>
         <object_component_ref idref="oc-c5"/>
      </symbol>
      <symbol id="sm-2cc">
         <name>SysCtlIntRegister</name>
         <value>0x6f5</value>
         <object_component_ref idref="oc-c5"/>
      </symbol>
      <symbol id="sm-2cd">
         <name>SysCtlFlashSizeGet</name>
         <value>0x337</value>
         <object_component_ref idref="oc-c5"/>
      </symbol>
      <symbol id="sm-2ce">
         <name>SysCtlPeripheralDeepSleepEnable</name>
         <value>0x609</value>
         <object_component_ref idref="oc-c5"/>
      </symbol>
      <symbol id="sm-2cf">
         <name>SysCtlLDODeepSleepGet</name>
         <value>0x79b</value>
         <object_component_ref idref="oc-c5"/>
      </symbol>
      <symbol id="sm-2d0">
         <name>SysCtlFlashSectorSizeGet</name>
         <value>0x363</value>
         <object_component_ref idref="oc-c5"/>
      </symbol>
      <symbol id="sm-2d1">
         <name>SysCtlIntDisable</name>
         <value>0x731</value>
         <object_component_ref idref="oc-c5"/>
      </symbol>
      <symbol id="sm-2d2">
         <name>SysCtlResetBehaviorGet</name>
         <value>0x881</value>
         <object_component_ref idref="oc-c5"/>
      </symbol>
      <symbol id="sm-2d3">
         <name>SysCtlPeripheralPresent</name>
         <value>0x389</value>
         <object_component_ref idref="oc-c5"/>
      </symbol>
      <symbol id="sm-2d4">
         <name>SysCtlDeepSleepClockSet</name>
         <value>0xf3f</value>
         <object_component_ref idref="oc-c5"/>
      </symbol>
      <symbol id="sm-2d5">
         <name>SysCtlClockSet</name>
         <value>0xbc9</value>
         <object_component_ref idref="oc-c5"/>
      </symbol>
      <symbol id="sm-2d6">
         <name>SysCtlAltClkConfig</name>
         <value>0x11a9</value>
         <object_component_ref idref="oc-c5"/>
      </symbol>
      <symbol id="sm-2d7">
         <name>SysCtlPeripheralClockGating</name>
         <value>0x6a1</value>
         <object_component_ref idref="oc-c5"/>
      </symbol>
      <symbol id="sm-2d8">
         <name>SysCtlIntStatus</name>
         <value>0x759</value>
         <object_component_ref idref="oc-c5"/>
      </symbol>
      <symbol id="sm-2d9">
         <name>SysCtlIntClear</name>
         <value>0x749</value>
         <object_component_ref idref="oc-c5"/>
      </symbol>
      <symbol id="sm-2da">
         <name>SysCtlVoltageEventStatus</name>
         <value>0x107d</value>
         <object_component_ref idref="oc-c5"/>
      </symbol>
      <symbol id="sm-2db">
         <name>SysCtlVoltageEventConfig</name>
         <value>0x106d</value>
         <object_component_ref idref="oc-c5"/>
      </symbol>
      <symbol id="sm-2dc">
         <name>SysCtlResetCauseGet</name>
         <value>0x7f1</value>
         <object_component_ref idref="oc-c5"/>
      </symbol>
      <symbol id="sm-2dd">
         <name>SysCtlSleep</name>
         <value>0x7cd</value>
         <object_component_ref idref="oc-c5"/>
      </symbol>
      <symbol id="sm-2de">
         <name>SysCtlPWMClockGet</name>
         <value>0x1001</value>
         <object_component_ref idref="oc-c5"/>
      </symbol>
      <symbol id="sm-2df">
         <name>SysCtlDeepSleepPowerSet</name>
         <value>0x7b5</value>
         <object_component_ref idref="oc-c5"/>
      </symbol>
      <symbol id="sm-2e0">
         <name>SysCtlClockOutConfig</name>
         <value>0x118d</value>
         <object_component_ref idref="oc-c5"/>
      </symbol>
      <symbol id="sm-2e1">
         <name>SysCtlNMIStatus</name>
         <value>0x115d</value>
         <object_component_ref idref="oc-c5"/>
      </symbol>
      <symbol id="sm-2e2">
         <name>SysCtlDeepSleepClockConfigSet</name>
         <value>0xf5d</value>
         <object_component_ref idref="oc-c5"/>
      </symbol>
      <symbol id="sm-2e3">
         <name>SysCtlDelay</name>
         <value>0x1f8b</value>
         <object_component_ref idref="oc-12b"/>
      </symbol>
      <symbol id="sm-2e4">
         <name>SysCtlVoltageEventClear</name>
         <value>0x1089</value>
         <object_component_ref idref="oc-c5"/>
      </symbol>
      <symbol id="sm-2e5">
         <name>SysCtlLDOSleepSet</name>
         <value>0x775</value>
         <object_component_ref idref="oc-c5"/>
      </symbol>
      <symbol id="sm-2e6">
         <name>SysCtlMOSCConfigSet</name>
         <value>0x80b</value>
         <object_component_ref idref="oc-c5"/>
      </symbol>
      <symbol id="sm-2e7">
         <name>SysCtlPeripheralEnable</name>
         <value>0x509</value>
         <object_component_ref idref="oc-c5"/>
      </symbol>
      <symbol id="sm-2e8">
         <name>SysCtlIntEnable</name>
         <value>0x71d</value>
         <object_component_ref idref="oc-c5"/>
      </symbol>
      <symbol id="sm-2e9">
         <name>SysCtlNMIClear</name>
         <value>0x1171</value>
         <object_component_ref idref="oc-c5"/>
      </symbol>
      <symbol id="sm-2ea">
         <name>SysCtlPeripheralPowerOff</name>
         <value>0x445</value>
         <object_component_ref idref="oc-c5"/>
      </symbol>
      <symbol id="sm-2eb">
         <name>SysCtlSleepPowerSet</name>
         <value>0x7a1</value>
         <object_component_ref idref="oc-c5"/>
      </symbol>
      <symbol id="sm-2ec">
         <name>SysCtlDeepSleep</name>
         <value>0x7d5</value>
         <object_component_ref idref="oc-c5"/>
      </symbol>
      <symbol id="sm-2ed">
         <name>SysCtlLDODeepSleepSet</name>
         <value>0x78b</value>
         <object_component_ref idref="oc-c5"/>
      </symbol>
      <symbol id="sm-2ee">
         <name>SysCtlPeripheralPowerOn</name>
         <value>0x409</value>
         <object_component_ref idref="oc-c5"/>
      </symbol>
      <symbol id="sm-2ef">
         <name>SysCtlPeripheralDeepSleepDisable</name>
         <value>0x659</value>
         <object_component_ref idref="oc-c5"/>
      </symbol>
      <symbol id="sm-2f0">
         <name>SysCtlPeripheralSleepDisable</name>
         <value>0x5cd</value>
         <object_component_ref idref="oc-c5"/>
      </symbol>
      <symbol id="sm-2f1">
         <name>SysCtlVCOGet</name>
         <value>0x10a1</value>
         <object_component_ref idref="oc-c5"/>
      </symbol>
      <symbol id="sm-2f2">
         <name>SysCtlResetBehaviorSet</name>
         <value>0x871</value>
         <object_component_ref idref="oc-c5"/>
      </symbol>
      <symbol id="sm-2f3">
         <name>SysCtlReset</name>
         <value>0x7c5</value>
         <object_component_ref idref="oc-c5"/>
      </symbol>
      <symbol id="sm-2f4">
         <name>SysCtlGPIOAHBDisable</name>
         <value>0x1033</value>
         <object_component_ref idref="oc-c5"/>
      </symbol>
      <symbol id="sm-2f5">
         <name>SysCtlSRAMSizeGet</name>
         <value>0x32d</value>
         <object_component_ref idref="oc-c5"/>
      </symbol>
      <symbol id="sm-2f6">
         <name>SysCtlClockGet</name>
         <value>0xd99</value>
         <object_component_ref idref="oc-c5"/>
      </symbol>
      <symbol id="sm-2f7">
         <name>SysCtlPeripheralDisable</name>
         <value>0x545</value>
         <object_component_ref idref="oc-c5"/>
      </symbol>
      <symbol id="sm-2f8">
         <name>SysCtlPWMClockSet</name>
         <value>0xfe7</value>
         <object_component_ref idref="oc-c5"/>
      </symbol>
      <symbol id="sm-2f9">
         <name>SysCtlUSBPLLEnable</name>
         <value>0x104f</value>
         <object_component_ref idref="oc-c5"/>
      </symbol>
      <symbol id="sm-2fa">
         <name>SysCtlPeripheralSleepEnable</name>
         <value>0x589</value>
         <object_component_ref idref="oc-c5"/>
      </symbol>
      <symbol id="sm-2fb">
         <name>SysCtlIntUnregister</name>
         <value>0x70d</value>
         <object_component_ref idref="oc-c5"/>
      </symbol>
      <symbol id="sm-2fc">
         <name>SysCtlUSBPLLDisable</name>
         <value>0x105b</value>
         <object_component_ref idref="oc-c5"/>
      </symbol>
      <symbol id="sm-2fd">
         <name>SysCtlPeripheralReady</name>
         <value>0x3c9</value>
         <object_component_ref idref="oc-c5"/>
      </symbol>
      <symbol id="sm-2fe">
         <name>SysCtlPIOSCCalibrate</name>
         <value>0x821</value>
         <object_component_ref idref="oc-c5"/>
      </symbol>
      <symbol id="sm-2ff">
         <name>SysCtlResetCauseClear</name>
         <value>0x7f7</value>
         <object_component_ref idref="oc-c5"/>
      </symbol>
      <symbol id="sm-300">
         <name>SysCtlLDOSleepGet</name>
         <value>0x785</value>
         <object_component_ref idref="oc-c5"/>
      </symbol>
      <symbol id="sm-301">
         <name>SysCtlClockFreqSet</name>
         <value>0x8d1</value>
         <object_component_ref idref="oc-c5"/>
      </symbol>
      <symbol id="sm-302">
         <name>SysCtlPeripheralReset</name>
         <value>0x481</value>
         <object_component_ref idref="oc-c5"/>
      </symbol>
      <symbol id="sm-31e">
         <name>ResetISR</name>
         <value>0x1f7f</value>
         <object_component_ref idref="oc-24"/>
      </symbol>
      <symbol id="sm-31f">
         <name>g_pfnVectors</name>
         <value>0x0</value>
         <object_component_ref idref="oc-f"/>
      </symbol>
      <symbol id="sm-338">
         <name>__TI_zero_init_nomemset</name>
         <value>0x1f6d</value>
         <object_component_ref idref="oc-44"/>
      </symbol>
      <symbol id="sm-34d">
         <name>__stack</name>
         <value>0x20000270</value>
         <object_component_ref idref="oc-21"/>
      </symbol>
      <symbol id="sm-34e">
         <name>_c_int00_noargs</name>
         <value>0x1f35</value>
         <object_component_ref idref="oc-56"/>
      </symbol>
      <symbol id="sm-378">
         <name>__TI_auto_init_nobinit_nopinit</name>
         <value>0x1eb1</value>
         <object_component_ref idref="oc-df"/>
      </symbol>
      <symbol id="sm-382">
         <name>_system_pre_init</name>
         <value>0x1f91</value>
         <object_component_ref idref="oc-92"/>
      </symbol>
      <symbol id="sm-38e">
         <name>C$$EXIT</name>
         <value>0x1f95</value>
         <object_component_ref idref="oc-d3"/>
      </symbol>
      <symbol id="sm-38f">
         <name>abort</name>
         <value>0x1f95</value>
         <object_component_ref idref="oc-d3"/>
      </symbol>
      <symbol id="sm-392">
         <name>__TI_static_base__</name>
         <value>0x0</value>
      </symbol>
      <symbol id="sm-394">
         <name>__mpu_init</name>
         <value>0x0</value>
      </symbol>
      <symbol id="sm-395">
         <name>_system_post_cinit</name>
         <value>0x0</value>
      </symbol>
   </symbol_table>
   <title>Link successful</title>
</link_info>
