******************************************************************************
                  TI ARM Linker PC v18.1.3                     
******************************************************************************
>> Linked Mon Jun  3 21:20:30 2019

OUTPUT FILE NAME:   <ADC_tempsensor.out>
ENTRY POINT SYMBOL: "_c_int00_noargs"  address: 00001f35


MEMORY CONFIGURATION

         name            origin    length      used     unused   attr    fill
----------------------  --------  ---------  --------  --------  ----  --------
  FLASH                 00000000   00040000  0000231c  0003dce4  R  X
  SRAM                  20000000   00008000  00000474  00007b8c  RW X


SEGMENT ALLOCATION MAP

run origin  load origin   length   init length attrs members
----------  ----------- ---------- ----------- ----- -------
00000000    00000000    0000231c   0000231c    r-x
  00000000    00000000    0000026c   0000026c    r-- .intvecs
  0000026c    0000026c    00001d2c   00001d2c    r-x .text
  00001f98    00001f98    00000360   00000360    r-- .const
  000022f8    000022f8    00000024   00000024    r-- .cinit
20000000    20000000    00000478   00000000    rw-
  20000000    20000000    0000026c   00000000    rw- .vtable
  20000270    20000270    00000200   00000000    rw- .stack
  20000470    20000470    00000008   00000000    rw- .bss


SECTION ALLOCATION MAP

 output                                  attributes/
section   page    origin      length       input sections
--------  ----  ----------  ----------   ----------------
.intvecs   0    00000000    0000026c     
                  00000000    0000026c     tm4c123gh6pm_startup_ccs.obj (.intvecs)

.text      0    0000026c    00001d2c     
                  0000026c    00000f80     sysctl.obj (.text)
                  000011ec    0000083a     adc.obj (.text)
                  00001a26    00000002     --HOLE-- [fill = 0]
                  00001a28    000003c0     interrupt.obj (.text)
                  00001de8    000000c8     main.obj (.text)
                  00001eb0    00000044     rtsv7M4_T_le_v4SPD16_eabi.lib : autoinit.c.obj (.text:__TI_auto_init_nobinit_nopinit:__TI_auto_init_nobinit_nopinit)
                  00001ef4    0000003e     cpu.obj (.text)
                  00001f32    00000002     --HOLE-- [fill = 0]
                  00001f34    00000038     rtsv7M4_T_le_v4SPD16_eabi.lib : boot_cortex_m.c.obj (.text:_c_int00_noargs:_c_int00_noargs)
                  00001f6c    00000012                                   : copy_zero_init.c.obj (.text:decompress:ZI:__TI_zero_init_nomemset:__TI_zero_init_nomemset)
                  00001f7e    0000000c     tm4c123gh6pm_startup_ccs.obj (.text)
                  00001f8a    00000006     sysctl.obj (.text:SysCtlDelay)
                  00001f90    00000004     rtsv7M4_T_le_v4SPD16_eabi.lib : pre_init.c.obj (.text:_system_pre_init)
                  00001f94    00000004                                   : exit.c.obj (.text:abort:abort)

.const     0    00001f98    00000360     
                  00001f98    000001b0     sysctl.obj (.const:g_pppui32XTALtoVCO)
                  00002148    0000009c     interrupt.obj (.const:g_pui32Regs)
                  000021e4    0000006c     sysctl.obj (.const:g_pui32Xtals)
                  00002250    00000030     sysctl.obj (.const:g_sXTALtoMEMTIM)
                  00002280    00000020     interrupt.obj (.const:g_pui32Priority)
                  000022a0    00000014     interrupt.obj (.const:g_pui32Dii16Regs)
                  000022b4    00000014     interrupt.obj (.const:g_pui32EnRegs)
                  000022c8    00000014     interrupt.obj (.const:g_pui32PendRegs)
                  000022dc    00000014     interrupt.obj (.const:g_pui32UnpendRegs)
                  000022f0    00000008     sysctl.obj (.const:g_pui32VCOFrequencies)

.cinit     0    000022f8    00000024     
                  000022f8    00000008     (.cinit..bss.load) [load image, compression = zero_init]
                  00002300    00000008     (.cinit..vtable.load) [load image, compression = zero_init]
                  00002308    00000004     (__TI_handler_table)
                  0000230c    00000010     (__TI_cinit_table)

.init_array 
*          0    00000000    00000000     UNINITIALIZED

.vtable    0    20000000    0000026c     UNINITIALIZED
                  20000000    0000026c     interrupt.obj (.vtable)

.bss       0    20000470    00000008     UNINITIALIZED
                  20000470    00000008     adc.obj (.bss:g_pui8OversampleFactor)

.stack     0    20000270    00000200     UNINITIALIZED
                  20000270    00000004     rtsv7M4_T_le_v4SPD16_eabi.lib : boot_cortex_m.c.obj (.stack)
                  20000274    000001fc     --HOLE--

MODULE SUMMARY

       Module                         code   ro data   rw data
       ------                         ----   -------   -------
    .\
       sysctl.obj                     3974   596       0      
       adc.obj                        2106   0         8      
       interrupt.obj                  960    268       620    
       tm4c123gh6pm_startup_ccs.obj   12     620       0      
       main.obj                       200    0         0      
       cpu.obj                        62     0         0      
    +--+------------------------------+------+---------+---------+
       Total:                         7314   1484      628    
                                                              
    C:\ti\ccsv8\tools\compiler\ti-cgt-arm_18.1.3.LTS\lib\rtsv7M4_T_le_v4SPD16_eabi.lib
       autoinit.c.obj                 68     0         0      
       boot_cortex_m.c.obj            56     0         0      
       copy_zero_init.c.obj           18     0         0      
       exit.c.obj                     4      0         0      
       pre_init.c.obj                 4      0         0      
    +--+------------------------------+------+---------+---------+
       Total:                         150    0         0      
                                                              
       Stack:                         0      0         512    
       Linker Generated:              0      36        0      
    +--+------------------------------+------+---------+---------+
       Grand Total:                   7464   1520      1140   


LINKER GENERATED COPY TABLES

__TI_cinit_table @ 0000230c records: 2, size/record: 8, table size: 16
	.bss: load addr=000022f8, load size=00000008 bytes, run addr=20000470, run size=00000008 bytes, compression=zero_init
	.vtable: load addr=00002300, load size=00000008 bytes, run addr=20000000, run size=0000026c bytes, compression=zero_init


LINKER GENERATED HANDLER TABLE

__TI_handler_table @ 00002308 records: 1, size/record: 4, table size: 4
	index: 0, handler: __TI_zero_init


GLOBAL SYMBOLS: SORTED ALPHABETICALLY BY Name 

address   name                              
-------   ----                              
0000199d  ADCBusy                           
000019e5  ADCClockConfigGet                 
000019bb  ADCClockConfigSet                 
000017b7  ADCComparatorConfigure            
00001891  ADCComparatorIntClear             
0000183d  ADCComparatorIntDisable           
0000185b  ADCComparatorIntEnable            
0000187d  ADCComparatorIntStatus            
000017d3  ADCComparatorRegionSet            
000017f7  ADCComparatorReset                
00001785  ADCHardwareOversampleConfigure    
00001327  ADCIntClear                       
00001905  ADCIntClearEx                     
0000128d  ADCIntDisable                     
000018a3  ADCIntDisableEx                   
000012a9  ADCIntEnable                      
000018bb  ADCIntEnableEx                    
00001247  ADCIntRegister                    
000012cf  ADCIntStatus                      
000018d3  ADCIntStatusEx                    
0000126f  ADCIntUnregister                  
00001957  ADCPhaseDelayGet                  
00001945  ADCPhaseDelaySet                  
00001599  ADCProcessorTrigger               
00001933  ADCReferenceGet                   
00001917  ADCReferenceSet                   
00001371  ADCSequenceConfigure              
00001981  ADCSequenceDMADisable             
00001965  ADCSequenceDMAEnable              
00001557  ADCSequenceDataGet                
00001357  ADCSequenceDisable                
0000133d  ADCSequenceEnable                 
000014fb  ADCSequenceOverflow               
00001513  ADCSequenceOverflowClear          
0000140d  ADCSequenceStepConfigure          
00001529  ADCSequenceUnderflow              
00001541  ADCSequenceUnderflowClear         
000015bd  ADCSoftwareOversampleConfigure    
000016f1  ADCSoftwareOversampleDataGet      
0000160f  ADCSoftwareOversampleStepConfigure
00001f95  C$$EXIT                           
00001f29  CPUbasepriGet                     
00001f1b  CPUbasepriSet                     
00001ef5  CPUcpsid                          
00001f0b  CPUcpsie                          
00001f01  CPUprimask                        
00001f17  CPUwfi                            
00001be9  IntDisable                        
00001b77  IntEnable                         
00001c5b  IntIsEnabled                      
00001a3b  IntMasterDisable                  
00001a2b  IntMasterEnable                   
00001d51  IntPendClear                      
00001ce1  IntPendSet                        
00001b53  IntPriorityGet                    
00001acb  IntPriorityGroupingGet            
00001ab1  IntPriorityGroupingSet            
00001dab  IntPriorityMaskGet                
00001d9f  IntPriorityMaskSet                
00001b03  IntPrioritySet                    
00001a4b  IntRegister                       
00001db3  IntTrigger                        
00001a9d  IntUnregister                     
00001f7f  ResetISR                          
000011a9  SysCtlAltClkConfig                
000008d1  SysCtlClockFreqSet                
00000d99  SysCtlClockGet                    
0000118d  SysCtlClockOutConfig              
00000bc9  SysCtlClockSet                    
000007d5  SysCtlDeepSleep                   
00000f5d  SysCtlDeepSleepClockConfigSet     
00000f3f  SysCtlDeepSleepClockSet           
000007b5  SysCtlDeepSleepPowerSet           
00001f8b  SysCtlDelay                       
00000363  SysCtlFlashSectorSizeGet          
00000337  SysCtlFlashSizeGet                
00001033  SysCtlGPIOAHBDisable              
00001017  SysCtlGPIOAHBEnable               
00000749  SysCtlIntClear                    
00000731  SysCtlIntDisable                  
0000071d  SysCtlIntEnable                   
000006f5  SysCtlIntRegister                 
00000759  SysCtlIntStatus                   
0000070d  SysCtlIntUnregister               
0000079b  SysCtlLDODeepSleepGet             
0000078b  SysCtlLDODeepSleepSet             
00000785  SysCtlLDOSleepGet                 
00000775  SysCtlLDOSleepSet                 
0000080b  SysCtlMOSCConfigSet               
00001171  SysCtlNMIClear                    
0000115d  SysCtlNMIStatus                   
00000821  SysCtlPIOSCCalibrate              
00001001  SysCtlPWMClockGet                 
00000fe7  SysCtlPWMClockSet                 
000006a1  SysCtlPeripheralClockGating       
00000659  SysCtlPeripheralDeepSleepDisable  
00000609  SysCtlPeripheralDeepSleepEnable   
00000545  SysCtlPeripheralDisable           
00000509  SysCtlPeripheralEnable            
00000445  SysCtlPeripheralPowerOff          
00000409  SysCtlPeripheralPowerOn           
00000389  SysCtlPeripheralPresent           
000003c9  SysCtlPeripheralReady             
00000481  SysCtlPeripheralReset             
000005cd  SysCtlPeripheralSleepDisable      
00000589  SysCtlPeripheralSleepEnable       
000007c5  SysCtlReset                       
00000881  SysCtlResetBehaviorGet            
00000871  SysCtlResetBehaviorSet            
000007f7  SysCtlResetCauseClear             
000007f1  SysCtlResetCauseGet               
0000032d  SysCtlSRAMSizeGet                 
000007cd  SysCtlSleep                       
000007a1  SysCtlSleepPowerSet               
0000105b  SysCtlUSBPLLDisable               
0000104f  SysCtlUSBPLLEnable                
000010a1  SysCtlVCOGet                      
00001089  SysCtlVoltageEventClear           
0000106d  SysCtlVoltageEventConfig          
0000107d  SysCtlVoltageEventStatus          
20000470  __STACK_END                       
00000200  __STACK_SIZE                      
20000470  __STACK_TOP                       
0000230c  __TI_CINIT_Base                   
0000231c  __TI_CINIT_Limit                  
00002308  __TI_Handler_Table_Base           
0000230c  __TI_Handler_Table_Limit          
00001eb1  __TI_auto_init_nobinit_nopinit    
ffffffff  __TI_pprof_out_hndl               
ffffffff  __TI_prof_data_size               
ffffffff  __TI_prof_data_start              
00000000  __TI_static_base__                
00001f6d  __TI_zero_init_nomemset           
ffffffff  __binit__                         
ffffffff  __c_args__                        
UNDEFED   __mpu_init                        
20000270  __stack                           
00001f35  _c_int00_noargs                   
UNDEFED   _system_post_cinit                
00001f91  _system_pre_init                  
00001f95  abort                             
ffffffff  binit                             
20000000  g_pfnRAMVectors                   
00000000  g_pfnVectors                      
00001de9  main                              


GLOBAL SYMBOLS: SORTED BY Symbol Address 

address   name                              
-------   ----                              
00000000  __TI_static_base__                
00000000  g_pfnVectors                      
00000200  __STACK_SIZE                      
0000032d  SysCtlSRAMSizeGet                 
00000337  SysCtlFlashSizeGet                
00000363  SysCtlFlashSectorSizeGet          
00000389  SysCtlPeripheralPresent           
000003c9  SysCtlPeripheralReady             
00000409  SysCtlPeripheralPowerOn           
00000445  SysCtlPeripheralPowerOff          
00000481  SysCtlPeripheralReset             
00000509  SysCtlPeripheralEnable            
00000545  SysCtlPeripheralDisable           
00000589  SysCtlPeripheralSleepEnable       
000005cd  SysCtlPeripheralSleepDisable      
00000609  SysCtlPeripheralDeepSleepEnable   
00000659  SysCtlPeripheralDeepSleepDisable  
000006a1  SysCtlPeripheralClockGating       
000006f5  SysCtlIntRegister                 
0000070d  SysCtlIntUnregister               
0000071d  SysCtlIntEnable                   
00000731  SysCtlIntDisable                  
00000749  SysCtlIntClear                    
00000759  SysCtlIntStatus                   
00000775  SysCtlLDOSleepSet                 
00000785  SysCtlLDOSleepGet                 
0000078b  SysCtlLDODeepSleepSet             
0000079b  SysCtlLDODeepSleepGet             
000007a1  SysCtlSleepPowerSet               
000007b5  SysCtlDeepSleepPowerSet           
000007c5  SysCtlReset                       
000007cd  SysCtlSleep                       
000007d5  SysCtlDeepSleep                   
000007f1  SysCtlResetCauseGet               
000007f7  SysCtlResetCauseClear             
0000080b  SysCtlMOSCConfigSet               
00000821  SysCtlPIOSCCalibrate              
00000871  SysCtlResetBehaviorSet            
00000881  SysCtlResetBehaviorGet            
000008d1  SysCtlClockFreqSet                
00000bc9  SysCtlClockSet                    
00000d99  SysCtlClockGet                    
00000f3f  SysCtlDeepSleepClockSet           
00000f5d  SysCtlDeepSleepClockConfigSet     
00000fe7  SysCtlPWMClockSet                 
00001001  SysCtlPWMClockGet                 
00001017  SysCtlGPIOAHBEnable               
00001033  SysCtlGPIOAHBDisable              
0000104f  SysCtlUSBPLLEnable                
0000105b  SysCtlUSBPLLDisable               
0000106d  SysCtlVoltageEventConfig          
0000107d  SysCtlVoltageEventStatus          
00001089  SysCtlVoltageEventClear           
000010a1  SysCtlVCOGet                      
0000115d  SysCtlNMIStatus                   
00001171  SysCtlNMIClear                    
0000118d  SysCtlClockOutConfig              
000011a9  SysCtlAltClkConfig                
00001247  ADCIntRegister                    
0000126f  ADCIntUnregister                  
0000128d  ADCIntDisable                     
000012a9  ADCIntEnable                      
000012cf  ADCIntStatus                      
00001327  ADCIntClear                       
0000133d  ADCSequenceEnable                 
00001357  ADCSequenceDisable                
00001371  ADCSequenceConfigure              
0000140d  ADCSequenceStepConfigure          
000014fb  ADCSequenceOverflow               
00001513  ADCSequenceOverflowClear          
00001529  ADCSequenceUnderflow              
00001541  ADCSequenceUnderflowClear         
00001557  ADCSequenceDataGet                
00001599  ADCProcessorTrigger               
000015bd  ADCSoftwareOversampleConfigure    
0000160f  ADCSoftwareOversampleStepConfigure
000016f1  ADCSoftwareOversampleDataGet      
00001785  ADCHardwareOversampleConfigure    
000017b7  ADCComparatorConfigure            
000017d3  ADCComparatorRegionSet            
000017f7  ADCComparatorReset                
0000183d  ADCComparatorIntDisable           
0000185b  ADCComparatorIntEnable            
0000187d  ADCComparatorIntStatus            
00001891  ADCComparatorIntClear             
000018a3  ADCIntDisableEx                   
000018bb  ADCIntEnableEx                    
000018d3  ADCIntStatusEx                    
00001905  ADCIntClearEx                     
00001917  ADCReferenceSet                   
00001933  ADCReferenceGet                   
00001945  ADCPhaseDelaySet                  
00001957  ADCPhaseDelayGet                  
00001965  ADCSequenceDMAEnable              
00001981  ADCSequenceDMADisable             
0000199d  ADCBusy                           
000019bb  ADCClockConfigSet                 
000019e5  ADCClockConfigGet                 
00001a2b  IntMasterEnable                   
00001a3b  IntMasterDisable                  
00001a4b  IntRegister                       
00001a9d  IntUnregister                     
00001ab1  IntPriorityGroupingSet            
00001acb  IntPriorityGroupingGet            
00001b03  IntPrioritySet                    
00001b53  IntPriorityGet                    
00001b77  IntEnable                         
00001be9  IntDisable                        
00001c5b  IntIsEnabled                      
00001ce1  IntPendSet                        
00001d51  IntPendClear                      
00001d9f  IntPriorityMaskSet                
00001dab  IntPriorityMaskGet                
00001db3  IntTrigger                        
00001de9  main                              
00001eb1  __TI_auto_init_nobinit_nopinit    
00001ef5  CPUcpsid                          
00001f01  CPUprimask                        
00001f0b  CPUcpsie                          
00001f17  CPUwfi                            
00001f1b  CPUbasepriSet                     
00001f29  CPUbasepriGet                     
00001f35  _c_int00_noargs                   
00001f6d  __TI_zero_init_nomemset           
00001f7f  ResetISR                          
00001f8b  SysCtlDelay                       
00001f91  _system_pre_init                  
00001f95  C$$EXIT                           
00001f95  abort                             
00002308  __TI_Handler_Table_Base           
0000230c  __TI_CINIT_Base                   
0000230c  __TI_Handler_Table_Limit          
0000231c  __TI_CINIT_Limit                  
20000000  g_pfnRAMVectors                   
20000270  __stack                           
20000470  __STACK_END                       
20000470  __STACK_TOP                       
ffffffff  __TI_pprof_out_hndl               
ffffffff  __TI_prof_data_size               
ffffffff  __TI_prof_data_start              
ffffffff  __binit__                         
ffffffff  __c_args__                        
ffffffff  binit                             
UNDEFED   __mpu_init                        
UNDEFED   _system_post_cinit                

[145 symbols]
